Archive member included to satisfy reference by file (symbol)

C:/ST/STM32CubeIDE_1.14.0/STM32CubeIDE/plugins/com.st.stm32cube.ide.mcu.externaltools.gnu-tools-for-stm32.11.3.rel1.win32_1.1.100.202309141235/tools/bin/../lib/gcc/arm-none-eabi/11.3.1/../../../../arm-none-eabi/lib/thumb/v7e-m+fp/hard\libc_nano.a(libc_a-exit.o)
                              C:/ST/STM32CubeIDE_1.14.0/STM32CubeIDE/plugins/com.st.stm32cube.ide.mcu.externaltools.gnu-tools-for-stm32.11.3.rel1.win32_1.1.100.202309141235/tools/bin/../lib/gcc/arm-none-eabi/11.3.1/../../../../arm-none-eabi/lib/thumb/v7e-m+fp/hard/crt0.o (exit)
C:/ST/STM32CubeIDE_1.14.0/STM32CubeIDE/plugins/com.st.stm32cube.ide.mcu.externaltools.gnu-tools-for-stm32.11.3.rel1.win32_1.1.100.202309141235/tools/bin/../lib/gcc/arm-none-eabi/11.3.1/../../../../arm-none-eabi/lib/thumb/v7e-m+fp/hard\libc_nano.a(libc_a-findfp.o)
                              C:/ST/STM32CubeIDE_1.14.0/STM32CubeIDE/plugins/com.st.stm32cube.ide.mcu.externaltools.gnu-tools-for-stm32.11.3.rel1.win32_1.1.100.202309141235/tools/bin/../lib/gcc/arm-none-eabi/11.3.1/../../../../arm-none-eabi/lib/thumb/v7e-m+fp/hard\libc_nano.a(libc_a-exit.o) (__stdio_exit_handler)
C:/ST/STM32CubeIDE_1.14.0/STM32CubeIDE/plugins/com.st.stm32cube.ide.mcu.externaltools.gnu-tools-for-stm32.11.3.rel1.win32_1.1.100.202309141235/tools/bin/../lib/gcc/arm-none-eabi/11.3.1/../../../../arm-none-eabi/lib/thumb/v7e-m+fp/hard\libc_nano.a(libc_a-fwalk.o)
                              C:/ST/STM32CubeIDE_1.14.0/STM32CubeIDE/plugins/com.st.stm32cube.ide.mcu.externaltools.gnu-tools-for-stm32.11.3.rel1.win32_1.1.100.202309141235/tools/bin/../lib/gcc/arm-none-eabi/11.3.1/../../../../arm-none-eabi/lib/thumb/v7e-m+fp/hard\libc_nano.a(libc_a-findfp.o) (_fwalk_sglue)
C:/ST/STM32CubeIDE_1.14.0/STM32CubeIDE/plugins/com.st.stm32cube.ide.mcu.externaltools.gnu-tools-for-stm32.11.3.rel1.win32_1.1.100.202309141235/tools/bin/../lib/gcc/arm-none-eabi/11.3.1/../../../../arm-none-eabi/lib/thumb/v7e-m+fp/hard\libc_nano.a(libc_a-stdio.o)
                              C:/ST/STM32CubeIDE_1.14.0/STM32CubeIDE/plugins/com.st.stm32cube.ide.mcu.externaltools.gnu-tools-for-stm32.11.3.rel1.win32_1.1.100.202309141235/tools/bin/../lib/gcc/arm-none-eabi/11.3.1/../../../../arm-none-eabi/lib/thumb/v7e-m+fp/hard\libc_nano.a(libc_a-findfp.o) (__sread)
C:/ST/STM32CubeIDE_1.14.0/STM32CubeIDE/plugins/com.st.stm32cube.ide.mcu.externaltools.gnu-tools-for-stm32.11.3.rel1.win32_1.1.100.202309141235/tools/bin/../lib/gcc/arm-none-eabi/11.3.1/../../../../arm-none-eabi/lib/thumb/v7e-m+fp/hard\libc_nano.a(libc_a-memset.o)
                              C:/ST/STM32CubeIDE_1.14.0/STM32CubeIDE/plugins/com.st.stm32cube.ide.mcu.externaltools.gnu-tools-for-stm32.11.3.rel1.win32_1.1.100.202309141235/tools/bin/../lib/gcc/arm-none-eabi/11.3.1/../../../../arm-none-eabi/lib/thumb/v7e-m+fp/hard/crt0.o (memset)
C:/ST/STM32CubeIDE_1.14.0/STM32CubeIDE/plugins/com.st.stm32cube.ide.mcu.externaltools.gnu-tools-for-stm32.11.3.rel1.win32_1.1.100.202309141235/tools/bin/../lib/gcc/arm-none-eabi/11.3.1/../../../../arm-none-eabi/lib/thumb/v7e-m+fp/hard\libc_nano.a(libc_a-closer.o)
                              C:/ST/STM32CubeIDE_1.14.0/STM32CubeIDE/plugins/com.st.stm32cube.ide.mcu.externaltools.gnu-tools-for-stm32.11.3.rel1.win32_1.1.100.202309141235/tools/bin/../lib/gcc/arm-none-eabi/11.3.1/../../../../arm-none-eabi/lib/thumb/v7e-m+fp/hard\libc_nano.a(libc_a-stdio.o) (_close_r)
C:/ST/STM32CubeIDE_1.14.0/STM32CubeIDE/plugins/com.st.stm32cube.ide.mcu.externaltools.gnu-tools-for-stm32.11.3.rel1.win32_1.1.100.202309141235/tools/bin/../lib/gcc/arm-none-eabi/11.3.1/../../../../arm-none-eabi/lib/thumb/v7e-m+fp/hard\libc_nano.a(libc_a-reent.o)
                              C:/ST/STM32CubeIDE_1.14.0/STM32CubeIDE/plugins/com.st.stm32cube.ide.mcu.externaltools.gnu-tools-for-stm32.11.3.rel1.win32_1.1.100.202309141235/tools/bin/../lib/gcc/arm-none-eabi/11.3.1/../../../../arm-none-eabi/lib/thumb/v7e-m+fp/hard\libc_nano.a(libc_a-closer.o) (errno)
C:/ST/STM32CubeIDE_1.14.0/STM32CubeIDE/plugins/com.st.stm32cube.ide.mcu.externaltools.gnu-tools-for-stm32.11.3.rel1.win32_1.1.100.202309141235/tools/bin/../lib/gcc/arm-none-eabi/11.3.1/../../../../arm-none-eabi/lib/thumb/v7e-m+fp/hard\libc_nano.a(libc_a-impure.o)
                              C:/ST/STM32CubeIDE_1.14.0/STM32CubeIDE/plugins/com.st.stm32cube.ide.mcu.externaltools.gnu-tools-for-stm32.11.3.rel1.win32_1.1.100.202309141235/tools/bin/../lib/gcc/arm-none-eabi/11.3.1/../../../../arm-none-eabi/lib/thumb/v7e-m+fp/hard\libc_nano.a(libc_a-reent.o) (_impure_ptr)
C:/ST/STM32CubeIDE_1.14.0/STM32CubeIDE/plugins/com.st.stm32cube.ide.mcu.externaltools.gnu-tools-for-stm32.11.3.rel1.win32_1.1.100.202309141235/tools/bin/../lib/gcc/arm-none-eabi/11.3.1/../../../../arm-none-eabi/lib/thumb/v7e-m+fp/hard\libc_nano.a(libc_a-lseekr.o)
[...]
Memory Configuration

Name             Origin             Length             Attributes
RAM              0x0000000020000000 0x0000000000018000 xrw
FLASH            0x0000000008000000 0x0000000000080000 xr
*default*        0x0000000000000000 0xffffffffffffffff

Linker script and memory map

LOAD C:/ST/STM32CubeIDE_1.14.0/STM32CubeIDE/plugins/com.st.stm32cube.ide.mcu.externaltools.gnu-tools-for-stm32.11.3.rel1.win32_1.1.100.202309141235/tools/bin/../lib/gcc/arm-none-eabi/11.3.1/thumb/v7e-m+fp/hard/crti.o
LOAD C:/ST/STM32CubeIDE_1.14.0/STM32CubeIDE/plugins/com.st.stm32cube.ide.mcu.externaltools.gnu-tools-for-stm32.11.3.rel1.win32_1.1.100.202309141235/tools/bin/../lib/gcc/arm-none-eabi/11.3.1/thumb/v7e-m+fp/hard/crtbegin.o
LOAD C:/ST/STM32CubeIDE_1.14.0/STM32CubeIDE/plugins/com.st.stm32cube.ide.mcu.externaltools.gnu-tools-for-stm32.11.3.rel1.win32_1.1.100.202309141235/tools/bin/../lib/gcc/arm-none-eabi/11.3.1/../../../../arm-none-eabi/lib/thumb/v7e-m+fp/hard/crt0.o
LOAD ./Core/Src/gpio.o
LOAD ./Core/Src/i2c.o
LOAD ./Core/Src/main.o
LOAD ./Core/Src/stm32f4xx_hal_msp.o
LOAD ./Core/Src/stm32f4xx_it.o
LOAD ./Core/Src/syscalls.o
LOAD ./Core/Src/sysmem.o
LOAD ./Core/Src/system_stm32f4xx.o
LOAD ./Core/Src/usart.o
LOAD ./Core/Startup/startup_stm32f401retx.o
LOAD ./Drivers/STM32F4xx_HAL_Driver/Src/stm32f4xx_hal.o
LOAD ./Drivers/STM32F4xx_HAL_Driver/Src/stm32f4xx_hal_cortex.o
LOAD ./Drivers/STM32F4xx_HAL_Driver/Src/stm32f4xx_hal_dma.o
LOAD ./Drivers/STM32F4xx_HAL_Driver/Src/stm32f4xx_hal_dma_ex.o
LOAD ./Drivers/STM32F4xx_HAL_Driver/Src/stm32f4xx_hal_exti.o
LOAD ./Drivers/STM32F4xx_HAL_Driver/Src/stm32f4xx_hal_flash.o
LOAD ./Drivers/STM32F4xx_HAL_Driver/Src/stm32f4xx_hal_flash_ex.o
LOAD ./Drivers/STM32F4xx_HAL_Driver/Src/stm32f4xx_hal_flash_ramfunc.o
LOAD ./Drivers/STM32F4xx_HAL_Driver/Src/stm32f4xx_hal_gpio.o
LOAD ./Drivers/STM32F4xx_HAL_Driver/Src/stm32f4xx_hal_i2c.o
LOAD ./Drivers/STM32F4xx_HAL_Driver/Src/stm32f4xx_hal_i2c_ex.o
LOAD ./Drivers/STM32F4xx_HAL_Driver/Src/stm32f4xx_hal_pcd.o
LOAD ./Drivers/STM32F4xx_HAL_Driver/Src/stm32f4xx_hal_pcd_ex.o
LOAD ./Drivers/STM32F4xx_HAL_Driver/Src/stm32f4xx_hal_pwr.o
LOAD ./Drivers/STM32F4xx_HAL_Driver/Src/stm32f4xx_hal_pwr_ex.o
LOAD ./Drivers/STM32F4xx_HAL_Driver/Src/stm32f4xx_hal_rcc.o
LOAD ./Drivers/STM32F4xx_HAL_Driver/Src/stm32f4xx_hal_rcc_ex.o
LOAD ./Drivers/STM32F4xx_HAL_Driver/Src/stm32f4xx_hal_tim.o
LOAD ./Drivers/STM32F4xx_HAL_Driver/Src/stm32f4xx_hal_tim_ex.o
LOAD ./Drivers/STM32F4xx_HAL_Driver/Src/stm32f4xx_hal_uart.o
LOAD ./Drivers/STM32F4xx_HAL_Driver/Src/stm32f4xx_ll_usb.o
LOAD ./Middlewares/ST/STM32_USB_Device_Library/Class/HID/Src/usbd_hid.o
LOAD ./Middlewares/ST/STM32_USB_Device_Library/Core/Src/usbd_core.o
LOAD ./Middlewares/ST/STM32_USB_Device_Library/Core/Src/usbd_ctlreq.o
LOAD ./Middlewares/ST/STM32_USB_Device_Library/Core/Src/usbd_ioreq.o
LOAD ./USB_DEVICE/App/usb_device.o
LOAD ./USB_DEVICE/App/usbd_desc.o
LOAD ./USB_DEVICE/Target/usbd_conf.o
START GROUP
LOAD C:/ST/STM32CubeIDE_1.14.0/STM32CubeIDE/plugins/com.st.stm32cube.ide.mcu.externaltools.gnu-tools-for-stm32.11.3.rel1.win32_1.1.100.202309141235/tools/bin/../lib/gcc/arm-none-eabi/11.3.1/../../../../arm-none-eabi/lib/thumb/v7e-m+fp/hard\libc_nano.a
LOAD C:/ST/STM32CubeIDE_1.14.0/STM32CubeIDE/plugins/com.st.stm32cube.ide.mcu.externaltools.gnu-tools-for-stm32.11.3.rel1.win32_1.1.100.202309141235/tools/bin/../lib/gcc/arm-none-eabi/11.3.1/../../../../arm-none-eabi/lib/thumb/v7e-m+fp/hard\libm.a
END GROUP
START GROUP
LOAD C:/ST/STM32CubeIDE_1.14.0/STM32CubeIDE/plugins/com.st.stm32cube.ide.mcu.externaltools.gnu-tools-for-stm32.11.3.rel1.win32_1.1.100.202309141235/tools/bin/../lib/gcc/arm-none-eabi/11.3.1/thumb/v7e-m+fp/hard\libgcc.a
LOAD C:/ST/STM32CubeIDE_1.14.0/STM32CubeIDE/plugins/com.st.stm32cube.ide.mcu.externaltools.gnu-tools-for-stm32.11.3.rel1.win32_1.1.100.202309141235/tools/bin/../lib/gcc/arm-none-eabi/11.3.1/../../../../arm-none-eabi/lib/thumb/v7e-m+fp/hard\libc_nano.a
END GROUP
START GROUP
LOAD C:/ST/STM32CubeIDE_1.14.0/STM32CubeIDE/plugins/com.st.stm32cube.ide.mcu.externaltools.gnu-tools-for-stm32.11.3.rel1.win32_1.1.100.202309141235/tools/bin/../lib/gcc/arm-none-eabi/11.3.1/thumb/v7e-m+fp/hard\libgcc.a
LOAD C:/ST/STM32CubeIDE_1.14.0/STM32CubeIDE/plugins/com.st.stm32cube.ide.mcu.externaltools.gnu-tools-for-stm32.11.3.rel1.win32_1.1.100.202309141235/tools/bin/../lib/gcc/arm-none-eabi/11.3.1/../../../../arm-none-eabi/lib/thumb/v7e-m+fp/hard\libc_nano.a
LOAD C:/ST/STM32CubeIDE_1.14.0/STM32CubeIDE/plugins/com.st.stm32cube.ide.mcu.externaltools.gnu-tools-for-stm32.11.3.rel1.win32_1.1.100.202309141235/tools/bin/../lib/gcc/arm-none-eabi/11.3.1/../../../../arm-none-eabi/lib/thumb/v7e-m+fp/hard\libnosys.a
END GROUP
START GROUP
LOAD C:/ST/STM32CubeIDE_1.14.0/STM32CubeIDE/plugins/com.st.stm32cube.ide.mcu.externaltools.gnu-tools-for-stm32.11.3.rel1.win32_1.1.100.202309141235/tools/bin/../lib/gcc/arm-none-eabi/11.3.1/thumb/v7e-m+fp/hard\libgcc.a
LOAD C:/ST/STM32CubeIDE_1.14.0/STM32CubeIDE/plugins/com.st.stm32cube.ide.mcu.externaltools.gnu-tools-for-stm32.11.3.rel1.win32_1.1.100.202309141235/tools/bin/../lib/gcc/arm-none-eabi/11.3.1/../../../../arm-none-eabi/lib/thumb/v7e-m+fp/hard\libc_nano.a
LOAD C:/ST/STM32CubeIDE_1.14.0/STM32CubeIDE/plugins/com.st.stm32cube.ide.mcu.externaltools.gnu-tools-for-stm32.11.3.rel1.win32_1.1.100.202309141235/tools/bin/../lib/gcc/arm-none-eabi/11.3.1/../../../../arm-none-eabi/lib/thumb/v7e-m+fp/hard\libnosys.a
END GROUP
LOAD C:/ST/STM32CubeIDE_1.14.0/STM32CubeIDE/plugins/com.st.stm32cube.ide.mcu.externaltools.gnu-tools-for-stm32.11.3.rel1.win32_1.1.100.202309141235/tools/bin/../lib/gcc/arm-none-eabi/11.3.1/thumb/v7e-m+fp/hard/crtend.o
LOAD C:/ST/STM32CubeIDE_1.14.0/STM32CubeIDE/plugins/com.st.stm32cube.ide.mcu.externaltools.gnu-tools-for-stm32.11.3.rel1.win32_1.1.100.202309141235/tools/bin/../lib/gcc/arm-none-eabi/11.3.1/thumb/v7e-m+fp/hard/crtn.o
                0x0000000020018000                _estack = (ORIGIN (RAM) + LENGTH (RAM))
                0x0000000000000600                _Min_Heap_Size = 0x600
                0x0000000000000400                _Min_Stack_Size = 0x400

.isr_vector     0x0000000008000000      0x194
                0x0000000008000000                . = ALIGN (0x4)
 *(.isr_vector)
 .isr_vector    0x0000000008000000      0x194 ./Core/Startup/startup_stm32f401retx.o
                0x0000000008000000                g_pfnVectors
                0x0000000008000194                . = ALIGN (0x4)

.text           0x0000000008000194     0x70c4
                0x0000000008000194                . = ALIGN (0x4)
 *(.text)
 .text          0x0000000008000194       0x40 C:/ST/STM32CubeIDE_1.14.0/STM32CubeIDE/plugins/com.st.stm32cube.ide.mcu.externaltools.gnu-tools-for-stm32.11.3.rel1.win32_1.1.100.202309141235/tools/bin/../lib/gcc/arm-none-eabi/11.3.1/thumb/v7e-m+fp/hard/crtbegin.o
 .text          0x00000000080001d4       0x30 C:/ST/STM32CubeIDE_1.14.0/STM32CubeIDE/plugins/com.st.stm32cube.ide.mcu.externaltools.gnu-tools-for-stm32.11.3.rel1.win32_1.1.100.202309141235/tools/bin/../lib/gcc/arm-none-eabi/11.3.1/thumb/v7e-m+fp/hard\libgcc.a(_aeabi_uldivmod.o)
                0x00000000080001d4                __aeabi_uldivmod
 .text          0x0000000008000204      0x2c8 C:/ST/STM32CubeIDE_1.14.0/STM32CubeIDE/plugins/com.st.stm32cube.ide.mcu.externaltools.gnu-tools-for-stm32.11.3.rel1.win32_1.1.100.202309141235/tools/bin/../lib/gcc/arm-none-eabi/11.3.1/thumb/v7e-m+fp/hard\libgcc.a(_udivmoddi4.o)
                0x0000000008000204                __udivmoddi4
 .text          0x00000000080004cc        0x4 C:/ST/STM32CubeIDE_1.14.0/STM32CubeIDE/plugins/com.st.stm32cube.ide.mcu.externaltools.gnu-tools-for-stm32.11.3.rel1.win32_1.1.100.202309141235/tools/bin/../lib/gcc/arm-none-eabi/11.3.1/thumb/v7e-m+fp/hard\libgcc.a(_dvmd_tls.o)
                0x00000000080004cc                __aeabi_idiv0
                0x00000000080004cc                __aeabi_ldiv0
 *(.text*)
 .text.MX_GPIO_Init
                0x00000000080004d0      0x1b0 ./Core/Src/gpio.o
                0x00000000080004d0                MX_GPIO_Init
 .text.MX_I2C1_Init
                0x0000000008000680       0x5c ./Core/Src/i2c.o
                0x0000000008000680                MX_I2C1_Init
 .text.MX_I2C3_Init
                0x00000000080006dc       0x5c ./Core/Src/i2c.o
                0x00000000080006dc                MX_I2C3_Init
 .text.HAL_I2C_MspInit
                0x0000000008000738      0x140 ./Core/Src/i2c.o
                0x0000000008000738                HAL_I2C_MspInit
 .text.main     0x0000000008000878       0x88 ./Core/Src/main.o
                0x0000000008000878                main
 .text.SystemClock_Config
                0x0000000008000900       0xd4 ./Core/Src/main.o
                0x0000000008000900                SystemClock_Config
 .text.Error_Handler
                0x00000000080009d4        0xa ./Core/Src/main.o
                0x00000000080009d4                Error_Handler
 *fill*         0x00000000080009de        0x2 
 .text.HAL_MspInit
                0x00000000080009e0       0x50 ./Core/Src/stm32f4xx_hal_msp.o
                0x00000000080009e0                HAL_MspInit
 .text.NMI_Handler
                0x0000000008000a30        0x6 ./Core/Src/stm32f4xx_it.o
                0x0000000008000a30                NMI_Handler
 .text.HardFault_Handler
                0x0000000008000a36        0x6 ./Core/Src/stm32f4xx_it.o
                0x0000000008000a36                HardFault_Handler
 .text.MemManage_Handler
                0x0000000008000a3c        0x6 ./Core/Src/stm32f4xx_it.o
                0x0000000008000a3c                MemManage_Handler
 .text.BusFault_Handler
                0x0000000008000a42        0x6 ./Core/Src/stm32f4xx_it.o
                0x0000000008000a42                BusFault_Handler
 .text.UsageFault_Handler
                0x0000000008000a48        0x6 ./Core/Src/stm32f4xx_it.o
                0x0000000008000a48                UsageFault_Handler
 .text.SVC_Handler
                0x0000000008000a4e        0xe ./Core/Src/stm32f4xx_it.o
                0x0000000008000a4e                SVC_Handler
 .text.DebugMon_Handler
                0x0000000008000a5c        0xe ./Core/Src/stm32f4xx_it.o
                0x0000000008000a5c                DebugMon_Handler
 .text.PendSV_Handler
                0x0000000008000a6a        0xe ./Core/Src/stm32f4xx_it.o
                0x0000000008000a6a                PendSV_Handler
 .text.SysTick_Handler
                0x0000000008000a78        0xc ./Core/Src/stm32f4xx_it.o
                0x0000000008000a78                SysTick_Handler
 .text.OTG_FS_IRQHandler
                0x0000000008000a84       0x14 ./Core/Src/stm32f4xx_it.o
                0x0000000008000a84                OTG_FS_IRQHandler
 .text.SystemInit
                0x0000000008000a98       0x24 ./Core/Src/system_stm32f4xx.o
                0x0000000008000a98                SystemInit
 .text.MX_USART1_UART_Init
                0x0000000008000abc       0x54 ./Core/Src/usart.o
                0x0000000008000abc                MX_USART1_UART_Init
 .text.HAL_UART_MspInit
                0x0000000008000b10       0x90 ./Core/Src/usart.o
                0x0000000008000b10                HAL_UART_MspInit
 .text.Reset_Handler
                0x0000000008000ba0       0x50 ./Core/Startup/startup_stm32f401retx.o
                0x0000000008000ba0                Reset_Handler
 .text.Default_Handler
                0x0000000008000bf0        0x2 ./Core/Startup/startup_stm32f401retx.o
                0x0000000008000bf0                RTC_Alarm_IRQHandler
                0x0000000008000bf0                EXTI2_IRQHandler
                0x0000000008000bf0                SPI4_IRQHandler
                0x0000000008000bf0                TIM1_CC_IRQHandler
                0x0000000008000bf0                DMA2_Stream5_IRQHandler
                0x0000000008000bf0                DMA1_Stream5_IRQHandler
                0x0000000008000bf0                PVD_IRQHandler
                0x0000000008000bf0                SDIO_IRQHandler
                0x0000000008000bf0                TAMP_STAMP_IRQHandler
                0x0000000008000bf0                EXTI3_IRQHandler
                0x0000000008000bf0                TIM1_UP_TIM10_IRQHandler
                0x0000000008000bf0                I2C3_ER_IRQHandler
                0x0000000008000bf0                EXTI0_IRQHandler
                0x0000000008000bf0                I2C2_EV_IRQHandler
                0x0000000008000bf0                DMA1_Stream2_IRQHandler
                0x0000000008000bf0                FPU_IRQHandler
                0x0000000008000bf0                DMA2_Stream2_IRQHandler
                0x0000000008000bf0                SPI1_IRQHandler
                0x0000000008000bf0                TIM1_BRK_TIM9_IRQHandler
                0x0000000008000bf0                DMA2_Stream3_IRQHandler
                0x0000000008000bf0                USART6_IRQHandler
                0x0000000008000bf0                DMA2_Stream0_IRQHandler
                0x0000000008000bf0                TIM4_IRQHandler
                0x0000000008000bf0                I2C1_EV_IRQHandler
                0x0000000008000bf0                DMA1_Stream6_IRQHandler
                0x0000000008000bf0                DMA1_Stream1_IRQHandler
                0x0000000008000bf0                TIM3_IRQHandler
                0x0000000008000bf0                RCC_IRQHandler
                0x0000000008000bf0                Default_Handler
                0x0000000008000bf0                EXTI15_10_IRQHandler
                0x0000000008000bf0                ADC_IRQHandler
                0x0000000008000bf0                DMA1_Stream7_IRQHandler
                0x0000000008000bf0                TIM5_IRQHandler
                0x0000000008000bf0                DMA2_Stream7_IRQHandler
                0x0000000008000bf0                I2C3_EV_IRQHandler
                0x0000000008000bf0                EXTI9_5_IRQHandler
                0x0000000008000bf0                RTC_WKUP_IRQHandler
                0x0000000008000bf0                SPI2_IRQHandler
                0x0000000008000bf0                DMA1_Stream0_IRQHandler
                0x0000000008000bf0                EXTI4_IRQHandler
                0x0000000008000bf0                WWDG_IRQHandler
                0x0000000008000bf0                TIM2_IRQHandler
                0x0000000008000bf0                OTG_FS_WKUP_IRQHandler
                0x0000000008000bf0                TIM1_TRG_COM_TIM11_IRQHandler
                0x0000000008000bf0                EXTI1_IRQHandler
                0x0000000008000bf0                USART2_IRQHandler
                0x0000000008000bf0                I2C2_ER_IRQHandler
                0x0000000008000bf0                DMA2_Stream1_IRQHandler
                0x0000000008000bf0                FLASH_IRQHandler
                0x0000000008000bf0                DMA2_Stream4_IRQHandler
                0x0000000008000bf0                USART1_IRQHandler
                0x0000000008000bf0                SPI3_IRQHandler
                0x0000000008000bf0                DMA1_Stream4_IRQHandler
                0x0000000008000bf0                I2C1_ER_IRQHandler
                0x0000000008000bf0                DMA2_Stream6_IRQHandler
                0x0000000008000bf0                DMA1_Stream3_IRQHandler
 *fill*         0x0000000008000bf2        0x2 
 .text.HAL_Init
                0x0000000008000bf4       0x44 ./Drivers/STM32F4xx_HAL_Driver/Src/stm32f4xx_hal.o
                0x0000000008000bf4                HAL_Init
 .text.HAL_InitTick
                0x0000000008000c38       0x60 ./Drivers/STM32F4xx_HAL_Driver/Src/stm32f4xx_hal.o
                0x0000000008000c38                HAL_InitTick
 .text.HAL_IncTick
                0x0000000008000c98       0x28 ./Drivers/STM32F4xx_HAL_Driver/Src/stm32f4xx_hal.o
                0x0000000008000c98                HAL_IncTick
 .text.HAL_GetTick
                0x0000000008000cc0       0x18 ./Drivers/STM32F4xx_HAL_Driver/Src/stm32f4xx_hal.o
                0x0000000008000cc0                HAL_GetTick
 .text.HAL_Delay
                0x0000000008000cd8       0x48 ./Drivers/STM32F4xx_HAL_Driver/Src/stm32f4xx_hal.o
                0x0000000008000cd8                HAL_Delay
 .text.__NVIC_SetPriorityGrouping
                0x0000000008000d20       0x48 ./Drivers/STM32F4xx_HAL_Driver/Src/stm32f4xx_hal_cortex.o
 .text.__NVIC_GetPriorityGrouping
                0x0000000008000d68       0x1c ./Drivers/STM32F4xx_HAL_Driver/Src/stm32f4xx_hal_cortex.o
 .text.__NVIC_EnableIRQ
                0x0000000008000d84       0x3c ./Drivers/STM32F4xx_HAL_Driver/Src/stm32f4xx_hal_cortex.o
 .text.__NVIC_SetPriority
                0x0000000008000dc0       0x54 ./Drivers/STM32F4xx_HAL_Driver/Src/stm32f4xx_hal_cortex.o
 .text.NVIC_EncodePriority
                0x0000000008000e14       0x66 ./Drivers/STM32F4xx_HAL_Driver/Src/stm32f4xx_hal_cortex.o
 *fill*         0x0000000008000e7a        0x2 
 .text.SysTick_Config
                0x0000000008000e7c       0x44 ./Drivers/STM32F4xx_HAL_Driver/Src/stm32f4xx_hal_cortex.o
 .text.HAL_NVIC_SetPriorityGrouping
                0x0000000008000ec0       0x16 ./Drivers/STM32F4xx_HAL_Driver/Src/stm32f4xx_hal_cortex.o
                0x0000000008000ec0                HAL_NVIC_SetPriorityGrouping
 .text.HAL_NVIC_SetPriority
                0x0000000008000ed6       0x38 ./Drivers/STM32F4xx_HAL_Driver/Src/stm32f4xx_hal_cortex.o
                0x0000000008000ed6                HAL_NVIC_SetPriority
 .text.HAL_NVIC_EnableIRQ
                0x0000000008000f0e       0x1c ./Drivers/STM32F4xx_HAL_Driver/Src/stm32f4xx_hal_cortex.o
                0x0000000008000f0e                HAL_NVIC_EnableIRQ
 .text.HAL_SYSTICK_Config
                0x0000000008000f2a       0x18 ./Drivers/STM32F4xx_HAL_Driver/Src/stm32f4xx_hal_cortex.o
                0x0000000008000f2a                HAL_SYSTICK_Config
 *fill*         0x0000000008000f42        0x2 
 .text.HAL_GPIO_Init
                0x0000000008000f44      0x308 ./Drivers/STM32F4xx_HAL_Driver/Src/stm32f4xx_hal_gpio.o
                0x0000000008000f44                HAL_GPIO_Init
 .text.HAL_GPIO_ReadPin
                0x000000000800124c       0x30 ./Drivers/STM32F4xx_HAL_Driver/Src/stm32f4xx_hal_gpio.o
                0x000000000800124c                HAL_GPIO_ReadPin
 .text.HAL_GPIO_WritePin
                0x000000000800127c       0x32 ./Drivers/STM32F4xx_HAL_Driver/Src/stm32f4xx_hal_gpio.o
                0x000000000800127c                HAL_GPIO_WritePin
 *fill*         0x00000000080012ae        0x2 
 .text.HAL_I2C_Init
                0x00000000080012b0      0x288 ./Drivers/STM32F4xx_HAL_Driver/Src/stm32f4xx_hal_i2c.o
                0x00000000080012b0                HAL_I2C_Init
 .text.HAL_PCD_Init
                0x0000000008001538      0x21e ./Drivers/STM32F4xx_HAL_Driver/Src/stm32f4xx_hal_pcd.o
                0x0000000008001538                HAL_PCD_Init
 .text.HAL_PCD_Start
                0x0000000008001756       0x6a ./Drivers/STM32F4xx_HAL_Driver/Src/stm32f4xx_hal_pcd.o
                0x0000000008001756                HAL_PCD_Start
 .text.HAL_PCD_IRQHandler
                0x00000000080017c0      0x942 ./Drivers/STM32F4xx_HAL_Driver/Src/stm32f4xx_hal_pcd.o
                0x00000000080017c0                HAL_PCD_IRQHandler
 .text.HAL_PCD_SetAddress
                0x0000000008002102       0x48 ./Drivers/STM32F4xx_HAL_Driver/Src/stm32f4xx_hal_pcd.o
                0x0000000008002102                HAL_PCD_SetAddress
 .text.HAL_PCD_EP_Open
                0x000000000800214a       0xd4 ./Drivers/STM32F4xx_HAL_Driver/Src/stm32f4xx_hal_pcd.o
                0x000000000800214a                HAL_PCD_EP_Open
 .text.HAL_PCD_EP_Close
                0x000000000800221e       0x94 ./Drivers/STM32F4xx_HAL_Driver/Src/stm32f4xx_hal_pcd.o
                0x000000000800221e                HAL_PCD_EP_Close
 .text.HAL_PCD_EP_Receive
                0x00000000080022b2       0x76 ./Drivers/STM32F4xx_HAL_Driver/Src/stm32f4xx_hal_pcd.o
                0x00000000080022b2                HAL_PCD_EP_Receive
 .text.HAL_PCD_EP_Transmit
                0x0000000008002328       0x74 ./Drivers/STM32F4xx_HAL_Driver/Src/stm32f4xx_hal_pcd.o
                0x0000000008002328                HAL_PCD_EP_Transmit
 .text.HAL_PCD_EP_SetStall
                0x000000000800239c       0xc6 ./Drivers/STM32F4xx_HAL_Driver/Src/stm32f4xx_hal_pcd.o
                0x000000000800239c                HAL_PCD_EP_SetStall
 .text.HAL_PCD_EP_ClrStall
                0x0000000008002462       0xac ./Drivers/STM32F4xx_HAL_Driver/Src/stm32f4xx_hal_pcd.o
                0x0000000008002462                HAL_PCD_EP_ClrStall
 .text.HAL_PCD_EP_Abort
                0x000000000800250e       0x62 ./Drivers/STM32F4xx_HAL_Driver/Src/stm32f4xx_hal_pcd.o
                0x000000000800250e                HAL_PCD_EP_Abort
 .text.PCD_WriteEmptyTxFifo
                0x0000000008002570      0x118 ./Drivers/STM32F4xx_HAL_Driver/Src/stm32f4xx_hal_pcd.o
 .text.PCD_EP_OutXfrComplete_int
                0x0000000008002688      0x1d0 ./Drivers/STM32F4xx_HAL_Driver/Src/stm32f4xx_hal_pcd.o
 .text.PCD_EP_OutSetupPacket_int
                0x0000000008002858       0x8c ./Drivers/STM32F4xx_HAL_Driver/Src/stm32f4xx_hal_pcd.o
 .text.HAL_PCDEx_SetTxFiFo
                0x00000000080028e4       0x8e ./Drivers/STM32F4xx_HAL_Driver/Src/stm32f4xx_hal_pcd_ex.o
                0x00000000080028e4                HAL_PCDEx_SetTxFiFo
 .text.HAL_PCDEx_SetRxFiFo
                0x0000000008002972       0x22 ./Drivers/STM32F4xx_HAL_Driver/Src/stm32f4xx_hal_pcd_ex.o
                0x0000000008002972                HAL_PCDEx_SetRxFiFo
 .text.HAL_PCDEx_LPM_Callback
                0x0000000008002994       0x18 ./Drivers/STM32F4xx_HAL_Driver/Src/stm32f4xx_hal_pcd_ex.o
                0x0000000008002994                HAL_PCDEx_LPM_Callback
 .text.HAL_RCC_OscConfig
                0x00000000080029ac      0x4f0 ./Drivers/STM32F4xx_HAL_Driver/Src/stm32f4xx_hal_rcc.o
                0x00000000080029ac                HAL_RCC_OscConfig
 .text.HAL_RCC_ClockConfig
                0x0000000008002e9c      0x1cc ./Drivers/STM32F4xx_HAL_Driver/Src/stm32f4xx_hal_rcc.o
                0x0000000008002e9c                HAL_RCC_ClockConfig
 .text.HAL_RCC_GetSysClockFreq
                0x0000000008003068      0x20c ./Drivers/STM32F4xx_HAL_Driver/Src/stm32f4xx_hal_rcc.o
                0x0000000008003068                HAL_RCC_GetSysClockFreq
 .text.HAL_RCC_GetHCLKFreq
                0x0000000008003274       0x18 ./Drivers/STM32F4xx_HAL_Driver/Src/stm32f4xx_hal_rcc.o
                0x0000000008003274                HAL_RCC_GetHCLKFreq
 .text.HAL_RCC_GetPCLK1Freq
                0x000000000800328c       0x28 ./Drivers/STM32F4xx_HAL_Driver/Src/stm32f4xx_hal_rcc.o
                0x000000000800328c                HAL_RCC_GetPCLK1Freq
 .text.HAL_RCC_GetPCLK2Freq
                0x00000000080032b4       0x28 ./Drivers/STM32F4xx_HAL_Driver/Src/stm32f4xx_hal_rcc.o
                0x00000000080032b4                HAL_RCC_GetPCLK2Freq
 .text.HAL_UART_Init
                0x00000000080032dc       0xa0 ./Drivers/STM32F4xx_HAL_Driver/Src/stm32f4xx_hal_uart.o
                0x00000000080032dc                HAL_UART_Init
 .text.UART_SetConfig
                0x000000000800337c      0x4e8 ./Drivers/STM32F4xx_HAL_Driver/Src/stm32f4xx_hal_uart.o
 .text.USB_CoreInit
                0x0000000008003864       0xc8 ./Drivers/STM32F4xx_HAL_Driver/Src/stm32f4xx_ll_usb.o
                0x0000000008003864                USB_CoreInit
 .text.USB_SetTurnaroundTime
                0x000000000800392c      0x144 ./Drivers/STM32F4xx_HAL_Driver/Src/stm32f4xx_ll_usb.o
                0x000000000800392c                USB_SetTurnaroundTime
 .text.USB_EnableGlobalInt
                0x0000000008003a70       0x22 ./Drivers/STM32F4xx_HAL_Driver/Src/stm32f4xx_ll_usb.o
                0x0000000008003a70                USB_EnableGlobalInt
 .text.USB_DisableGlobalInt
                0x0000000008003a92       0x22 ./Drivers/STM32F4xx_HAL_Driver/Src/stm32f4xx_ll_usb.o
                0x0000000008003a92                USB_DisableGlobalInt
 .text.USB_SetCurrentMode
                0x0000000008003ab4       0x98 ./Drivers/STM32F4xx_HAL_Driver/Src/stm32f4xx_ll_usb.o
                0x0000000008003ab4                USB_SetCurrentMode
 .text.USB_DevInit
                0x0000000008003b4c      0x2c8 ./Drivers/STM32F4xx_HAL_Driver/Src/stm32f4xx_ll_usb.o
                0x0000000008003b4c                USB_DevInit
 .text.USB_FlushTxFifo
                0x0000000008003e14       0x64 ./Drivers/STM32F4xx_HAL_Driver/Src/stm32f4xx_ll_usb.o
                0x0000000008003e14                USB_FlushTxFifo
 .text.USB_FlushRxFifo
                0x0000000008003e78       0x5c ./Drivers/STM32F4xx_HAL_Driver/Src/stm32f4xx_ll_usb.o
                0x0000000008003e78                USB_FlushRxFifo
 .text.USB_SetDevSpeed
                0x0000000008003ed4       0x32 ./Drivers/STM32F4xx_HAL_Driver/Src/stm32f4xx_ll_usb.o
                0x0000000008003ed4                USB_SetDevSpeed
 .text.USB_GetDevSpeed
                0x0000000008003f06       0x4a ./Drivers/STM32F4xx_HAL_Driver/Src/stm32f4xx_ll_usb.o
                0x0000000008003f06                USB_GetDevSpeed
 .text.USB_ActivateEndpoint
                0x0000000008003f50      0x10e ./Drivers/STM32F4xx_HAL_Driver/Src/stm32f4xx_ll_usb.o
                0x0000000008003f50                USB_ActivateEndpoint
 *fill*         0x000000000800405e        0x2 
 .text.USB_DeactivateEndpoint
                0x0000000008004060      0x1b8 ./Drivers/STM32F4xx_HAL_Driver/Src/stm32f4xx_ll_usb.o
                0x0000000008004060                USB_DeactivateEndpoint
 .text.USB_EPStartXfer
                0x0000000008004218      0x53c ./Drivers/STM32F4xx_HAL_Driver/Src/stm32f4xx_ll_usb.o
                0x0000000008004218                USB_EPStartXfer
 .text.USB_EPStopXfer
                0x0000000008004754      0x154 ./Drivers/STM32F4xx_HAL_Driver/Src/stm32f4xx_ll_usb.o
                0x0000000008004754                USB_EPStopXfer
 .text.USB_WritePacket
                0x00000000080048a8       0x7c ./Drivers/STM32F4xx_HAL_Driver/Src/stm32f4xx_ll_usb.o
                0x00000000080048a8                USB_WritePacket
 .text.USB_ReadPacket
                0x0000000008004924       0xb0 ./Drivers/STM32F4xx_HAL_Driver/Src/stm32f4xx_ll_usb.o
                0x0000000008004924                USB_ReadPacket
 .text.USB_EPSetStall
                0x00000000080049d4       0xdc ./Drivers/STM32F4xx_HAL_Driver/Src/stm32f4xx_ll_usb.o
                0x00000000080049d4                USB_EPSetStall
 .text.USB_EPClearStall
                0x0000000008004ab0       0xcc ./Drivers/STM32F4xx_HAL_Driver/Src/stm32f4xx_ll_usb.o
                0x0000000008004ab0                USB_EPClearStall
 .text.USB_SetDevAddress
                0x0000000008004b7c       0x4c ./Drivers/STM32F4xx_HAL_Driver/Src/stm32f4xx_ll_usb.o
                0x0000000008004b7c                USB_SetDevAddress
 .text.USB_DevConnect
                0x0000000008004bc8       0x42 ./Drivers/STM32F4xx_HAL_Driver/Src/stm32f4xx_ll_usb.o
                0x0000000008004bc8                USB_DevConnect
 .text.USB_DevDisconnect
                0x0000000008004c0a       0x42 ./Drivers/STM32F4xx_HAL_Driver/Src/stm32f4xx_ll_usb.o
                0x0000000008004c0a                USB_DevDisconnect
 .text.USB_ReadInterrupts
                0x0000000008004c4c       0x26 ./Drivers/STM32F4xx_HAL_Driver/Src/stm32f4xx_ll_usb.o
                0x0000000008004c4c                USB_ReadInterrupts
 .text.USB_ReadDevAllOutEpInterrupt
                0x0000000008004c72       0x34 ./Drivers/STM32F4xx_HAL_Driver/Src/stm32f4xx_ll_usb.o
                0x0000000008004c72                USB_ReadDevAllOutEpInterrupt
 .text.USB_ReadDevAllInEpInterrupt
                0x0000000008004ca6       0x34 ./Drivers/STM32F4xx_HAL_Driver/Src/stm32f4xx_ll_usb.o
                0x0000000008004ca6                USB_ReadDevAllInEpInterrupt
 .text.USB_ReadDevOutEPInterrupt
                0x0000000008004cda       0x3c ./Drivers/STM32F4xx_HAL_Driver/Src/stm32f4xx_ll_usb.o
                0x0000000008004cda                USB_ReadDevOutEPInterrupt
 .text.USB_ReadDevInEPInterrupt
                0x0000000008004d16       0x5c ./Drivers/STM32F4xx_HAL_Driver/Src/stm32f4xx_ll_usb.o
                0x0000000008004d16                USB_ReadDevInEPInterrupt
 .text.USB_GetMode
                0x0000000008004d72       0x1c ./Drivers/STM32F4xx_HAL_Driver/Src/stm32f4xx_ll_usb.o
                0x0000000008004d72                USB_GetMode
 .text.USB_ActivateSetup
                0x0000000008004d8e       0x46 ./Drivers/STM32F4xx_HAL_Driver/Src/stm32f4xx_ll_usb.o
                0x0000000008004d8e                USB_ActivateSetup
 .text.USB_EP0_OutStart
                0x0000000008004dd4       0xbc ./Drivers/STM32F4xx_HAL_Driver/Src/stm32f4xx_ll_usb.o
                0x0000000008004dd4                USB_EP0_OutStart
 .text.USB_CoreReset
                0x0000000008004e90       0x62 ./Drivers/STM32F4xx_HAL_Driver/Src/stm32f4xx_ll_usb.o
 *fill*         0x0000000008004ef2        0x2 
 .text.USBD_HID_Init
                0x0000000008004ef4       0xcc ./Middlewares/ST/STM32_USB_Device_Library/Class/HID/Src/usbd_hid.o
 .text.USBD_HID_DeInit
                0x0000000008004fc0       0x90 ./Middlewares/ST/STM32_USB_Device_Library/Class/HID/Src/usbd_hid.o
 .text.USBD_HID_Setup
                0x0000000008005050      0x210 ./Middlewares/ST/STM32_USB_Device_Library/Class/HID/Src/usbd_hid.o
 .text.USBD_HID_SendReport
                0x0000000008005260       0x60 ./Middlewares/ST/STM32_USB_Device_Library/Class/HID/Src/usbd_hid.o
                0x0000000008005260                USBD_HID_SendReport
 .text.USBD_HID_GetFSCfgDesc
                0x00000000080052c0       0x34 ./Middlewares/ST/STM32_USB_Device_Library/Class/HID/Src/usbd_hid.o
 .text.USBD_HID_GetHSCfgDesc
                0x00000000080052f4       0x34 ./Middlewares/ST/STM32_USB_Device_Library/Class/HID/Src/usbd_hid.o
 .text.USBD_HID_GetOtherSpeedCfgDesc
                0x0000000008005328       0x34 ./Middlewares/ST/STM32_USB_Device_Library/Class/HID/Src/usbd_hid.o
 .text.USBD_HID_DataIn
                0x000000000800535c       0x2c ./Middlewares/ST/STM32_USB_Device_Library/Class/HID/Src/usbd_hid.o
 .text.USBD_HID_GetDeviceQualifierDesc
                0x0000000008005388       0x20 ./Middlewares/ST/STM32_USB_Device_Library/Class/HID/Src/usbd_hid.o
 .text.USBD_Init
                0x00000000080053a8       0x60 ./Middlewares/ST/STM32_USB_Device_Library/Core/Src/usbd_core.o
                0x00000000080053a8                USBD_Init
 .text.USBD_RegisterClass
                0x0000000008005408       0x6c ./Middlewares/ST/STM32_USB_Device_Library/Core/Src/usbd_core.o
                0x0000000008005408                USBD_RegisterClass
 .text.USBD_Start
                0x0000000008005474       0x18 ./Middlewares/ST/STM32_USB_Device_Library/Core/Src/usbd_core.o
                0x0000000008005474                USBD_Start
 .text.USBD_RunTestMode
                0x000000000800548c       0x16 ./Middlewares/ST/STM32_USB_Device_Library/Core/Src/usbd_core.o
                0x000000000800548c                USBD_RunTestMode
 .text.USBD_SetClassConfig
                0x00000000080054a2       0x38 ./Middlewares/ST/STM32_USB_Device_Library/Core/Src/usbd_core.o
                0x00000000080054a2                USBD_SetClassConfig
 .text.USBD_ClrClassConfig
                0x00000000080054da       0x34 ./Middlewares/ST/STM32_USB_Device_Library/Core/Src/usbd_core.o
                0x00000000080054da                USBD_ClrClassConfig
 .text.USBD_LL_SetupStage
                0x000000000800550e       0xaa ./Middlewares/ST/STM32_USB_Device_Library/Core/Src/usbd_core.o
                0x000000000800550e                USBD_LL_SetupStage
 .text.USBD_LL_DataOutStage
                0x00000000080055b8      0x166 ./Middlewares/ST/STM32_USB_Device_Library/Core/Src/usbd_core.o
                0x00000000080055b8                USBD_LL_DataOutStage
 .text.USBD_LL_DataInStage
                0x000000000800571e      0x164 ./Middlewares/ST/STM32_USB_Device_Library/Core/Src/usbd_core.o
                0x000000000800571e                USBD_LL_DataInStage
 .text.USBD_LL_Reset
                0x0000000008005882       0xa4 ./Middlewares/ST/STM32_USB_Device_Library/Core/Src/usbd_core.o
                0x0000000008005882                USBD_LL_Reset
 .text.USBD_LL_SetSpeed
                0x0000000008005926       0x20 ./Middlewares/ST/STM32_USB_Device_Library/Core/Src/usbd_core.o
                0x0000000008005926                USBD_LL_SetSpeed
 .text.USBD_LL_Suspend
                0x0000000008005946       0x38 ./Middlewares/ST/STM32_USB_Device_Library/Core/Src/usbd_core.o
                0x0000000008005946                USBD_LL_Suspend
 .text.USBD_LL_Resume
                0x000000000800597e       0x30 ./Middlewares/ST/STM32_USB_Device_Library/Core/Src/usbd_core.o
                0x000000000800597e                USBD_LL_Resume
 .text.USBD_LL_SOF
                0x00000000080059ae       0x40 ./Middlewares/ST/STM32_USB_Device_Library/Core/Src/usbd_core.o
                0x00000000080059ae                USBD_LL_SOF
 .text.USBD_LL_IsoINIncomplete
                0x00000000080059ee       0x64 ./Middlewares/ST/STM32_USB_Device_Library/Core/Src/usbd_core.o
                0x00000000080059ee                USBD_LL_IsoINIncomplete
 .text.USBD_LL_IsoOUTIncomplete
                0x0000000008005a52       0x64 ./Middlewares/ST/STM32_USB_Device_Library/Core/Src/usbd_core.o
                0x0000000008005a52                USBD_LL_IsoOUTIncomplete
 .text.USBD_LL_DevConnected
                0x0000000008005ab6       0x16 ./Middlewares/ST/STM32_USB_Device_Library/Core/Src/usbd_core.o
                0x0000000008005ab6                USBD_LL_DevConnected
 .text.USBD_LL_DevDisconnected
                0x0000000008005acc       0x46 ./Middlewares/ST/STM32_USB_Device_Library/Core/Src/usbd_core.o
                0x0000000008005acc                USBD_LL_DevDisconnected
 .text.USBD_CoreFindIF
                0x0000000008005b12       0x1a ./Middlewares/ST/STM32_USB_Device_Library/Core/Src/usbd_core.o
                0x0000000008005b12                USBD_CoreFindIF
 .text.USBD_CoreFindEP
                0x0000000008005b2c       0x1a ./Middlewares/ST/STM32_USB_Device_Library/Core/Src/usbd_core.o
                0x0000000008005b2c                USBD_CoreFindEP
 .text.USBD_GetEpDesc
                0x0000000008005b46       0x74 ./Middlewares/ST/STM32_USB_Device_Library/Core/Src/usbd_core.o
                0x0000000008005b46                USBD_GetEpDesc
 .text.USBD_GetNextDesc
                0x0000000008005bba       0x3a ./Middlewares/ST/STM32_USB_Device_Library/Core/Src/usbd_core.o
                0x0000000008005bba                USBD_GetNextDesc
 .text.SWAPBYTE
                0x0000000008005bf4       0x3c ./Middlewares/ST/STM32_USB_Device_Library/Core/Src/usbd_ctlreq.o
 .text.USBD_StdDevReq
                0x0000000008005c30       0xe4 ./Middlewares/ST/STM32_USB_Device_Library/Core/Src/usbd_ctlreq.o
                0x0000000008005c30                USBD_StdDevReq
 .text.USBD_StdItfReq
                0x0000000008005d14       0xd8 ./Middlewares/ST/STM32_USB_Device_Library/Core/Src/usbd_ctlreq.o
                0x0000000008005d14                USBD_StdItfReq
 .text.USBD_StdEPReq
                0x0000000008005dec      0x33a ./Middlewares/ST/STM32_USB_Device_Library/Core/Src/usbd_ctlreq.o
                0x0000000008005dec                USBD_StdEPReq
 *fill*         0x0000000008006126        0x2 
 .text.USBD_GetDescriptor
                0x0000000008006128      0x2d4 ./Middlewares/ST/STM32_USB_Device_Library/Core/Src/usbd_ctlreq.o
 .text.USBD_SetAddress
                0x00000000080063fc       0x88 ./Middlewares/ST/STM32_USB_Device_Library/Core/Src/usbd_ctlreq.o
 .text.USBD_SetConfig
                0x0000000008006484      0x154 ./Middlewares/ST/STM32_USB_Device_Library/Core/Src/usbd_ctlreq.o
 .text.USBD_GetConfig
                0x00000000080065d8       0x6c ./Middlewares/ST/STM32_USB_Device_Library/Core/Src/usbd_ctlreq.o
 .text.USBD_GetStatus
                0x0000000008006644       0x68 ./Middlewares/ST/STM32_USB_Device_Library/Core/Src/usbd_ctlreq.o
 .text.USBD_SetFeature
                0x00000000080066ac       0x52 ./Middlewares/ST/STM32_USB_Device_Library/Core/Src/usbd_ctlreq.o
 .text.USBD_ClrFeature
                0x00000000080066fe       0x44 ./Middlewares/ST/STM32_USB_Device_Library/Core/Src/usbd_ctlreq.o
 .text.USBD_ParseSetupRequest
                0x0000000008006742       0x74 ./Middlewares/ST/STM32_USB_Device_Library/Core/Src/usbd_ctlreq.o
                0x0000000008006742                USBD_ParseSetupRequest
 .text.USBD_CtlError
                0x00000000080067b6       0x22 ./Middlewares/ST/STM32_USB_Device_Library/Core/Src/usbd_ctlreq.o
                0x00000000080067b6                USBD_CtlError
 .text.USBD_GetString
                0x00000000080067d8       0xa4 ./Middlewares/ST/STM32_USB_Device_Library/Core/Src/usbd_ctlreq.o
                0x00000000080067d8                USBD_GetString
 .text.USBD_GetLen
                0x000000000800687c       0x34 ./Middlewares/ST/STM32_USB_Device_Library/Core/Src/usbd_ctlreq.o
 .text.USBD_CtlSendData
                0x00000000080068b0       0x36 ./Middlewares/ST/STM32_USB_Device_Library/Core/Src/usbd_ioreq.o
                0x00000000080068b0                USBD_CtlSendData
 .text.USBD_CtlContinueSendData
                0x00000000080068e6       0x22 ./Middlewares/ST/STM32_USB_Device_Library/Core/Src/usbd_ioreq.o
                0x00000000080068e6                USBD_CtlContinueSendData
 .text.USBD_CtlContinueRx
                0x0000000008006908       0x22 ./Middlewares/ST/STM32_USB_Device_Library/Core/Src/usbd_ioreq.o
                0x0000000008006908                USBD_CtlContinueRx
 .text.USBD_CtlSendStatus
                0x000000000800692a       0x26 ./Middlewares/ST/STM32_USB_Device_Library/Core/Src/usbd_ioreq.o
                0x000000000800692a                USBD_CtlSendStatus
 .text.USBD_CtlReceiveStatus
                0x0000000008006950       0x26 ./Middlewares/ST/STM32_USB_Device_Library/Core/Src/usbd_ioreq.o
                0x0000000008006950                USBD_CtlReceiveStatus
 *fill*         0x0000000008006976        0x2 
 .text.MX_USB_DEVICE_Init
                0x0000000008006978       0x4c ./USB_DEVICE/App/usb_device.o
                0x0000000008006978                MX_USB_DEVICE_Init
 .text.USBD_FS_DeviceDescriptor
                0x00000000080069c4       0x24 ./USB_DEVICE/App/usbd_desc.o
                0x00000000080069c4                USBD_FS_DeviceDescriptor
 .text.USBD_FS_LangIDStrDescriptor
                0x00000000080069e8       0x24 ./USB_DEVICE/App/usbd_desc.o
                0x00000000080069e8                USBD_FS_LangIDStrDescriptor
 .text.USBD_FS_ProductStrDescriptor
                0x0000000008006a0c       0x3c ./USB_DEVICE/App/usbd_desc.o
                0x0000000008006a0c                USBD_FS_ProductStrDescriptor
 .text.USBD_FS_ManufacturerStrDescriptor
                0x0000000008006a48       0x28 ./USB_DEVICE/App/usbd_desc.o
                0x0000000008006a48                USBD_FS_ManufacturerStrDescriptor
 .text.USBD_FS_SerialStrDescriptor
                0x0000000008006a70       0x24 ./USB_DEVICE/App/usbd_desc.o
                0x0000000008006a70                USBD_FS_SerialStrDescriptor
 .text.USBD_FS_ConfigStrDescriptor
                0x0000000008006a94       0x3c ./USB_DEVICE/App/usbd_desc.o
                0x0000000008006a94                USBD_FS_ConfigStrDescriptor
 .text.USBD_FS_InterfaceStrDescriptor
                0x0000000008006ad0       0x3c ./USB_DEVICE/App/usbd_desc.o
                0x0000000008006ad0                USBD_FS_InterfaceStrDescriptor
 .text.Get_SerialNum
                0x0000000008006b0c       0x58 ./USB_DEVICE/App/usbd_desc.o
 .text.IntToUnicode
                0x0000000008006b64       0x7e ./USB_DEVICE/App/usbd_desc.o
 *fill*         0x0000000008006be2        0x2 
 .text.HAL_PCD_MspInit
                0x0000000008006be4       0xa8 ./USB_DEVICE/Target/usbd_conf.o
                0x0000000008006be4                HAL_PCD_MspInit
 .text.HAL_PCD_SetupStageCallback
                0x0000000008006c8c       0x24 ./USB_DEVICE/Target/usbd_conf.o
                0x0000000008006c8c                HAL_PCD_SetupStageCallback
 .text.HAL_PCD_DataOutStageCallback
                0x0000000008006cb0       0x36 ./USB_DEVICE/Target/usbd_conf.o
                0x0000000008006cb0                HAL_PCD_DataOutStageCallback
 .text.HAL_PCD_DataInStageCallback
                0x0000000008006ce6       0x34 ./USB_DEVICE/Target/usbd_conf.o
                0x0000000008006ce6                HAL_PCD_DataInStageCallback
 .text.HAL_PCD_SOFCallback
                0x0000000008006d1a       0x1c ./USB_DEVICE/Target/usbd_conf.o
                0x0000000008006d1a                HAL_PCD_SOFCallback
 .text.HAL_PCD_ResetCallback
                0x0000000008006d36       0x50 ./USB_DEVICE/Target/usbd_conf.o
                0x0000000008006d36                HAL_PCD_ResetCallback
 *fill*         0x0000000008006d86        0x2 
 .text.HAL_PCD_SuspendCallback
                0x0000000008006d88       0x4c ./USB_DEVICE/Target/usbd_conf.o
                0x0000000008006d88                HAL_PCD_SuspendCallback
 .text.HAL_PCD_ResumeCallback
                0x0000000008006dd4       0x1c ./USB_DEVICE/Target/usbd_conf.o
                0x0000000008006dd4                HAL_PCD_ResumeCallback
 .text.HAL_PCD_ISOOUTIncompleteCallback
                0x0000000008006df0       0x24 ./USB_DEVICE/Target/usbd_conf.o
                0x0000000008006df0                HAL_PCD_ISOOUTIncompleteCallback
 .text.HAL_PCD_ISOINIncompleteCallback
                0x0000000008006e14       0x24 ./USB_DEVICE/Target/usbd_conf.o
                0x0000000008006e14                HAL_PCD_ISOINIncompleteCallback
 .text.HAL_PCD_ConnectCallback
                0x0000000008006e38       0x1c ./USB_DEVICE/Target/usbd_conf.o
                0x0000000008006e38                HAL_PCD_ConnectCallback
 .text.HAL_PCD_DisconnectCallback
                0x0000000008006e54       0x1c ./USB_DEVICE/Target/usbd_conf.o
                0x0000000008006e54                HAL_PCD_DisconnectCallback
 .text.USBD_LL_Init
                0x0000000008006e70       0x98 ./USB_DEVICE/Target/usbd_conf.o
                0x0000000008006e70                USBD_LL_Init
 .text.USBD_LL_Start
                0x0000000008006f08       0x36 ./USB_DEVICE/Target/usbd_conf.o
                0x0000000008006f08                USBD_LL_Start
 .text.USBD_LL_OpenEP
                0x0000000008006f3e       0x4c ./USB_DEVICE/Target/usbd_conf.o
                0x0000000008006f3e                USBD_LL_OpenEP
 .text.USBD_LL_CloseEP
                0x0000000008006f8a       0x3e ./USB_DEVICE/Target/usbd_conf.o
                0x0000000008006f8a                USBD_LL_CloseEP
 .text.USBD_LL_StallEP
                0x0000000008006fc8       0x3e ./USB_DEVICE/Target/usbd_conf.o
                0x0000000008006fc8                USBD_LL_StallEP
 .text.USBD_LL_ClearStallEP
                0x0000000008007006       0x3e ./USB_DEVICE/Target/usbd_conf.o
                0x0000000008007006                USBD_LL_ClearStallEP
 .text.USBD_LL_IsStallEP
                0x0000000008007044       0x58 ./USB_DEVICE/Target/usbd_conf.o
                0x0000000008007044                USBD_LL_IsStallEP
 .text.USBD_LL_SetUSBAddress
                0x000000000800709c       0x3e ./USB_DEVICE/Target/usbd_conf.o
                0x000000000800709c                USBD_LL_SetUSBAddress
 .text.USBD_LL_Transmit
                0x00000000080070da       0x42 ./USB_DEVICE/Target/usbd_conf.o
                0x00000000080070da                USBD_LL_Transmit
 .text.USBD_LL_PrepareReceive
                0x000000000800711c       0x42 ./USB_DEVICE/Target/usbd_conf.o
                0x000000000800711c                USBD_LL_PrepareReceive
 *fill*         0x000000000800715e        0x2 
 .text.USBD_static_malloc
                0x0000000008007160       0x1c ./USB_DEVICE/Target/usbd_conf.o
                0x0000000008007160                USBD_static_malloc
 .text.USBD_static_free
                0x000000000800717c       0x14 ./USB_DEVICE/Target/usbd_conf.o
                0x000000000800717c                USBD_static_free
 .text.USBD_Get_USB_Status
                0x0000000008007190       0x58 ./USB_DEVICE/Target/usbd_conf.o
                0x0000000008007190                USBD_Get_USB_Status
 .text.memset   0x00000000080071e8       0x10 C:/ST/STM32CubeIDE_1.14.0/STM32CubeIDE/plugins/com.st.stm32cube.ide.mcu.externaltools.gnu-tools-for-stm32.11.3.rel1.win32_1.1.100.202309141235/tools/bin/../lib/gcc/arm-none-eabi/11.3.1/../../../../arm-none-eabi/lib/thumb/v7e-m+fp/hard\libc_nano.a(libc_a-memset.o)
                0x00000000080071e8                memset
 .text.__libc_init_array
                0x00000000080071f8       0x48 C:/ST/STM32CubeIDE_1.14.0/STM32CubeIDE/plugins/com.st.stm32cube.ide.mcu.externaltools.gnu-tools-for-stm32.11.3.rel1.win32_1.1.100.202309141235/tools/bin/../lib/gcc/arm-none-eabi/11.3.1/../../../../arm-none-eabi/lib/thumb/v7e-m+fp/hard\libc_nano.a(libc_a-init.o)
                0x00000000080071f8                __libc_init_array
 *(.glue_7)
 .glue_7        0x0000000008007240        0x0 linker stubs
 *(.glue_7t)
 .glue_7t       0x0000000008007240        0x0 linker stubs
 *(.eh_frame)
 .eh_frame      0x0000000008007240        0x0 C:/ST/STM32CubeIDE_1.14.0/STM32CubeIDE/plugins/com.st.stm32cube.ide.mcu.externaltools.gnu-tools-for-stm32.11.3.rel1.win32_1.1.100.202309141235/tools/bin/../lib/gcc/arm-none-eabi/11.3.1/thumb/v7e-m+fp/hard/crtbegin.o
 *(.init)
 .init          0x0000000008007240        0x4 C:/ST/STM32CubeIDE_1.14.0/STM32CubeIDE/plugins/com.st.stm32cube.ide.mcu.externaltools.gnu-tools-for-stm32.11.3.rel1.win32_1.1.100.202309141235/tools/bin/../lib/gcc/arm-none-eabi/11.3.1/thumb/v7e-m+fp/hard/crti.o
                0x0000000008007240                _init
 .init          0x0000000008007244        0x8 C:/ST/STM32CubeIDE_1.14.0/STM32CubeIDE/plugins/com.st.stm32cube.ide.mcu.externaltools.gnu-tools-for-stm32.11.3.rel1.win32_1.1.100.202309141235/tools/bin/../lib/gcc/arm-none-eabi/11.3.1/thumb/v7e-m+fp/hard/crtn.o
 *(.fini)
 .fini          0x000000000800724c        0x4 C:/ST/STM32CubeIDE_1.14.0/STM32CubeIDE/plugins/com.st.stm32cube.ide.mcu.externaltools.gnu-tools-for-stm32.11.3.rel1.win32_1.1.100.202309141235/tools/bin/../lib/gcc/arm-none-eabi/11.3.1/thumb/v7e-m+fp/hard/crti.o
                0x000000000800724c                _fini
 .fini          0x0000000008007250        0x8 C:/ST/STM32CubeIDE_1.14.0/STM32CubeIDE/plugins/com.st.stm32cube.ide.mcu.externaltools.gnu-tools-for-stm32.11.3.rel1.win32_1.1.100.202309141235/tools/bin/../lib/gcc/arm-none-eabi/11.3.1/thumb/v7e-m+fp/hard/crtn.o
                0x0000000008007258                . = ALIGN (0x4)
                0x0000000008007258                _etext = .

.vfp11_veneer   0x0000000008007258        0x0
 .vfp11_veneer  0x0000000008007258        0x0 linker stubs

.v4_bx          0x0000000008007258        0x0
 .v4_bx         0x0000000008007258        0x0 linker stubs

.iplt           0x0000000008007258        0x0
 .iplt          0x0000000008007258        0x0 C:/ST/STM32CubeIDE_1.14.0/STM32CubeIDE/plugins/com.st.stm32cube.ide.mcu.externaltools.gnu-tools-for-stm32.11.3.rel1.win32_1.1.100.202309141235/tools/bin/../lib/gcc/arm-none-eabi/11.3.1/thumb/v7e-m+fp/hard/crtbegin.o

.rodata         0x0000000008007258       0x60
                0x0000000008007258                . = ALIGN (0x4)
 *(.rodata)
 .rodata        0x0000000008007258       0x46 ./USB_DEVICE/App/usbd_desc.o
 *(.rodata*)
 *fill*         0x000000000800729e        0x2 
 .rodata.AHBPrescTable
                0x00000000080072a0       0x10 ./Core/Src/system_stm32f4xx.o
                0x00000000080072a0                AHBPrescTable
 .rodata.APBPrescTable
                0x00000000080072b0        0x8 ./Core/Src/system_stm32f4xx.o
                0x00000000080072b0                APBPrescTable
                0x00000000080072b8                . = ALIGN (0x4)

.ARM.extab      0x00000000080072b8        0x0
                0x00000000080072b8                . = ALIGN (0x4)
 *(.ARM.extab* .gnu.linkonce.armextab.*)
                0x00000000080072b8                . = ALIGN (0x4)

.ARM            0x00000000080072b8        0x8
                0x00000000080072b8                . = ALIGN (0x4)
                0x00000000080072b8                __exidx_start = .
 *(.ARM.exidx*)
 .ARM.exidx     0x00000000080072b8        0x8 C:/ST/STM32CubeIDE_1.14.0/STM32CubeIDE/plugins/com.st.stm32cube.ide.mcu.externaltools.gnu-tools-for-stm32.11.3.rel1.win32_1.1.100.202309141235/tools/bin/../lib/gcc/arm-none-eabi/11.3.1/thumb/v7e-m+fp/hard\libgcc.a(_udivmoddi4.o)
                0x00000000080072c0                __exidx_end = .
                0x00000000080072c0                . = ALIGN (0x4)

.rel.dyn        0x00000000080072c0        0x0
 .rel.iplt      0x00000000080072c0        0x0 C:/ST/STM32CubeIDE_1.14.0/STM32CubeIDE/plugins/com.st.stm32cube.ide.mcu.externaltools.gnu-tools-for-stm32.11.3.rel1.win32_1.1.100.202309141235/tools/bin/../lib/gcc/arm-none-eabi/11.3.1/thumb/v7e-m+fp/hard/crtbegin.o

.preinit_array  0x00000000080072c0        0x0
                0x00000000080072c0                . = ALIGN (0x4)
                0x00000000080072c0                PROVIDE (__preinit_array_start = .)
 *(.preinit_array*)
                0x00000000080072c0                PROVIDE (__preinit_array_end = .)
                0x00000000080072c0                . = ALIGN (0x4)

.init_array     0x00000000080072c0        0x4
                0x00000000080072c0                . = ALIGN (0x4)
                0x00000000080072c0                PROVIDE (__init_array_start = .)
 *(SORT_BY_NAME(.init_array.*))
 *(.init_array*)
 .init_array    0x00000000080072c0        0x4 C:/ST/STM32CubeIDE_1.14.0/STM32CubeIDE/plugins/com.st.stm32cube.ide.mcu.externaltools.gnu-tools-for-stm32.11.3.rel1.win32_1.1.100.202309141235/tools/bin/../lib/gcc/arm-none-eabi/11.3.1/thumb/v7e-m+fp/hard/crtbegin.o
                0x00000000080072c4                PROVIDE (__init_array_end = .)
                0x00000000080072c4                . = ALIGN (0x4)

.fini_array     0x00000000080072c4        0x4
                0x00000000080072c4                . = ALIGN (0x4)
                [!provide]                        PROVIDE (__fini_array_start = .)
 *(SORT_BY_NAME(.fini_array.*))
 *(.fini_array*)
 .fini_array    0x00000000080072c4        0x4 C:/ST/STM32CubeIDE_1.14.0/STM32CubeIDE/plugins/com.st.stm32cube.ide.mcu.externaltools.gnu-tools-for-stm32.11.3.rel1.win32_1.1.100.202309141235/tools/bin/../lib/gcc/arm-none-eabi/11.3.1/thumb/v7e-m+fp/hard/crtbegin.o
                [!provide]                        PROVIDE (__fini_array_end = .)
                0x00000000080072c8                . = ALIGN (0x4)
                0x00000000080072c8                _sidata = LOADADDR (.data)

.data           0x0000000020000000      0x110 load address 0x00000000080072c8
                0x0000000020000000                . = ALIGN (0x4)
                0x0000000020000000                _sdata = .
 *(.data)
 *(.data*)
 .data.SystemCoreClock
                0x0000000020000000        0x4 ./Core/Src/system_stm32f4xx.o
                0x0000000020000000                SystemCoreClock
 .data.uwTickPrio
                0x0000000020000004        0x4 ./Drivers/STM32F4xx_HAL_Driver/Src/stm32f4xx_hal.o
                0x0000000020000004                uwTickPrio
 .data.uwTickFreq
                0x0000000020000008        0x1 ./Drivers/STM32F4xx_HAL_Driver/Src/stm32f4xx_hal.o
                0x0000000020000008                uwTickFreq
 *fill*         0x0000000020000009        0x3 
 .data.USBD_HID
                0x000000002000000c       0x38 ./Middlewares/ST/STM32_USB_Device_Library/Class/HID/Src/usbd_hid.o
                0x000000002000000c                USBD_HID
 .data.USBD_HID_CfgDesc
                0x0000000020000044       0x22 ./Middlewares/ST/STM32_USB_Device_Library/Class/HID/Src/usbd_hid.o
 *fill*         0x0000000020000066        0x2 
 .data.USBD_HID_Desc
                0x0000000020000068        0x9 ./Middlewares/ST/STM32_USB_Device_Library/Class/HID/Src/usbd_hid.o
 *fill*         0x0000000020000071        0x3 
 .data.USBD_HID_DeviceQualifierDesc
                0x0000000020000074        0xa ./Middlewares/ST/STM32_USB_Device_Library/Class/HID/Src/usbd_hid.o
 *fill*         0x000000002000007e        0x2 
 .data.HID_MOUSE_ReportDesc
                0x0000000020000080       0x3f ./Middlewares/ST/STM32_USB_Device_Library/Class/HID/Src/usbd_hid.o
 .data.HIDInEpAdd
                0x00000000200000bf        0x1 ./Middlewares/ST/STM32_USB_Device_Library/Class/HID/Src/usbd_hid.o
 .data.FS_Desc  0x00000000200000c0       0x1c ./USB_DEVICE/App/usbd_desc.o
                0x00000000200000c0                FS_Desc
 .data.USBD_FS_DeviceDesc
                0x00000000200000dc       0x12 ./USB_DEVICE/App/usbd_desc.o
                0x00000000200000dc                USBD_FS_DeviceDesc
 *fill*         0x00000000200000ee        0x2 
 .data.USBD_LangIDDesc
                0x00000000200000f0        0x4 ./USB_DEVICE/App/usbd_desc.o
                0x00000000200000f0                USBD_LangIDDesc
 .data.USBD_StringSerial
                0x00000000200000f4       0x1a ./USB_DEVICE/App/usbd_desc.o
                0x00000000200000f4                USBD_StringSerial
 *(.RamFunc)
 *(.RamFunc*)
                0x0000000020000110                . = ALIGN (0x4)
 *fill*         0x000000002000010e        0x2 
                0x0000000020000110                _edata = .

.igot.plt       0x0000000020000110        0x0 load address 0x00000000080073d8
 .igot.plt      0x0000000020000110        0x0 C:/ST/STM32CubeIDE_1.14.0/STM32CubeIDE/plugins/com.st.stm32cube.ide.mcu.externaltools.gnu-tools-for-stm32.11.3.rel1.win32_1.1.100.202309141235/tools/bin/../lib/gcc/arm-none-eabi/11.3.1/thumb/v7e-m+fp/hard/crtbegin.o
                0x0000000020000110                . = ALIGN (0x4)

.bss            0x0000000020000110      0xae8 load address 0x00000000080073d8
                0x0000000020000110                _sbss = .
                0x0000000020000110                __bss_start__ = _sbss
 *(.bss)
 .bss           0x0000000020000110       0x1c C:/ST/STM32CubeIDE_1.14.0/STM32CubeIDE/plugins/com.st.stm32cube.ide.mcu.externaltools.gnu-tools-for-stm32.11.3.rel1.win32_1.1.100.202309141235/tools/bin/../lib/gcc/arm-none-eabi/11.3.1/thumb/v7e-m+fp/hard/crtbegin.o
 *(.bss*)
 .bss.hi2c1     0x000000002000012c       0x54 ./Core/Src/i2c.o
                0x000000002000012c                hi2c1
 .bss.hi2c3     0x0000000020000180       0x54 ./Core/Src/i2c.o
                0x0000000020000180                hi2c3
 .bss.huart1    0x00000000200001d4       0x48 ./Core/Src/usart.o
                0x00000000200001d4                huart1
 .bss.uwTick    0x000000002000021c        0x4 ./Drivers/STM32F4xx_HAL_Driver/Src/stm32f4xx_hal.o
                0x000000002000021c                uwTick
 .bss.cfgidx.0  0x0000000020000220        0x1 ./Middlewares/ST/STM32_USB_Device_Library/Core/Src/usbd_ctlreq.o
 *fill*         0x0000000020000221        0x3 
 .bss.hUsbDeviceFS
                0x0000000020000224      0x2dc ./USB_DEVICE/App/usb_device.o
                0x0000000020000224                hUsbDeviceFS
 .bss.USBD_StrDesc
                0x0000000020000500      0x200 ./USB_DEVICE/App/usbd_desc.o
                0x0000000020000500                USBD_StrDesc
 .bss.hpcd_USB_OTG_FS
                0x0000000020000700      0x4e4 ./USB_DEVICE/Target/usbd_conf.o
                0x0000000020000700                hpcd_USB_OTG_FS
 .bss.mem.0     0x0000000020000be4       0x14 ./USB_DEVICE/Target/usbd_conf.o
 *(COMMON)
                0x0000000020000bf8                . = ALIGN (0x4)
                0x0000000020000bf8                _ebss = .
                0x0000000020000bf8                __bss_end__ = _ebss

._user_heap_stack
                0x0000000020000bf8      0xa00 load address 0x00000000080073d8
                0x0000000020000bf8                . = ALIGN (0x8)
                [!provide]                        PROVIDE (end = .)
                0x0000000020000bf8                PROVIDE (_end = .)
                0x00000000200011f8                . = (. + _Min_Heap_Size)
 *fill*         0x0000000020000bf8      0x600 
                0x00000000200015f8                . = (. + _Min_Stack_Size)
 *fill*         0x00000000200011f8      0x400 
                0x00000000200015f8                . = ALIGN (0x8)

/DISCARD/
 libc.a(*)
 libm.a(*)
 libgcc.a(*)

.ARM.attributes
                0x0000000000000000       0x30
 *(.ARM.attributes)
 .ARM.attributes
                0x0000000000000000       0x1e C:/ST/STM32CubeIDE_1.14.0/STM32CubeIDE/plugins/com.st.stm32cube.ide.mcu.externaltools.gnu-tools-for-stm32.11.3.rel1.win32_1.1.100.202309141235/tools/bin/../lib/gcc/arm-none-eabi/11.3.1/thumb/v7e-m+fp/hard/crti.o
 .ARM.attributes
                0x000000000000001e       0x34 C:/ST/STM32CubeIDE_1.14.0/STM32CubeIDE/plugins/com.st.stm32cube.ide.mcu.externaltools.gnu-tools-for-stm32.11.3.rel1.win32_1.1.100.202309141235/tools/bin/../lib/gcc/arm-none-eabi/11.3.1/thumb/v7e-m+fp/hard/crtbegin.o
 .ARM.attributes
                0x0000000000000052       0x34 ./Core/Src/gpio.o
 .ARM.attributes
                0x0000000000000086       0x34 ./Core/Src/i2c.o
 .ARM.attributes
                0x00000000000000ba       0x34 ./Core/Src/main.o
 .ARM.attributes
                0x00000000000000ee       0x34 ./Core/Src/stm32f4xx_hal_msp.o
 .ARM.attributes
                0x0000000000000122       0x34 ./Core/Src/stm32f4xx_it.o
 .ARM.attributes
                0x0000000000000156       0x34 ./Core/Src/system_stm32f4xx.o
 .ARM.attributes
                0x000000000000018a       0x34 ./Core/Src/usart.o
 .ARM.attributes
                0x00000000000001be       0x21 ./Core/Startup/startup_stm32f401retx.o
 .ARM.attributes
                0x00000000000001df       0x34 ./Drivers/STM32F4xx_HAL_Driver/Src/stm32f4xx_hal.o
 .ARM.attributes
                0x0000000000000213       0x34 ./Drivers/STM32F4xx_HAL_Driver/Src/stm32f4xx_hal_cortex.o
 .ARM.attributes
                0x0000000000000247       0x34 ./Drivers/STM32F4xx_HAL_Driver/Src/stm32f4xx_hal_gpio.o
 .ARM.attributes
                0x000000000000027b       0x34 ./Drivers/STM32F4xx_HAL_Driver/Src/stm32f4xx_hal_i2c.o
 .ARM.attributes
                0x00000000000002af       0x34 ./Drivers/STM32F4xx_HAL_Driver/Src/stm32f4xx_hal_pcd.o
 .ARM.attributes
                0x00000000000002e3       0x34 ./Drivers/STM32F4xx_HAL_Driver/Src/stm32f4xx_hal_pcd_ex.o
 .ARM.attributes
                0x0000000000000317       0x34 ./Drivers/STM32F4xx_HAL_Driver/Src/stm32f4xx_hal_rcc.o
 .ARM.attributes
                0x000000000000034b       0x34 ./Drivers/STM32F4xx_HAL_Driver/Src/stm32f4xx_hal_uart.o
 .ARM.attributes
                0x000000000000037f       0x34 ./Drivers/STM32F4xx_HAL_Driver/Src/stm32f4xx_ll_usb.o
 .ARM.attributes
                0x00000000000003b3       0x34 ./Middlewares/ST/STM32_USB_Device_Library/Class/HID/Src/usbd_hid.o
 .ARM.attributes
                0x00000000000003e7       0x34 ./Middlewares/ST/STM32_USB_Device_Library/Core/Src/usbd_core.o
 .ARM.attributes
                0x000000000000041b       0x34 ./Middlewares/ST/STM32_USB_Device_Library/Core/Src/usbd_ctlreq.o
 .ARM.attributes
                0x000000000000044f       0x34 ./Middlewares/ST/STM32_USB_Device_Library/Core/Src/usbd_ioreq.o
 .ARM.attributes
                0x0000000000000483       0x34 ./USB_DEVICE/App/usb_device.o
 .ARM.attributes
                0x00000000000004b7       0x34 ./USB_DEVICE/App/usbd_desc.o
 .ARM.attributes
                0x00000000000004eb       0x34 ./USB_DEVICE/Target/usbd_conf.o
 .ARM.attributes
                0x000000000000051f       0x34 C:/ST/STM32CubeIDE_1.14.0/STM32CubeIDE/plugins/com.st.stm32cube.ide.mcu.externaltools.gnu-tools-for-stm32.11.3.rel1.win32_1.1.100.202309141235/tools/bin/../lib/gcc/arm-none-eabi/11.3.1/../../../../arm-none-eabi/lib/thumb/v7e-m+fp/hard\libc_nano.a(libc_a-memset.o)
 .ARM.attributes
                0x0000000000000553       0x34 C:/ST/STM32CubeIDE_1.14.0/STM32CubeIDE/plugins/com.st.stm32cube.ide.mcu.externaltools.gnu-tools-for-stm32.11.3.rel1.win32_1.1.100.202309141235/tools/bin/../lib/gcc/arm-none-eabi/11.3.1/../../../../arm-none-eabi/lib/thumb/v7e-m+fp/hard\libc_nano.a(libc_a-init.o)
 .ARM.attributes
                0x0000000000000587       0x1e C:/ST/STM32CubeIDE_1.14.0/STM32CubeIDE/plugins/com.st.stm32cube.ide.mcu.externaltools.gnu-tools-for-stm32.11.3.rel1.win32_1.1.100.202309141235/tools/bin/../lib/gcc/arm-none-eabi/11.3.1/thumb/v7e-m+fp/hard\libgcc.a(_aeabi_uldivmod.o)
 .ARM.attributes
                0x00000000000005a5       0x34 C:/ST/STM32CubeIDE_1.14.0/STM32CubeIDE/plugins/com.st.stm32cube.ide.mcu.externaltools.gnu-tools-for-stm32.11.3.rel1.win32_1.1.100.202309141235/tools/bin/../lib/gcc/arm-none-eabi/11.3.1/thumb/v7e-m+fp/hard\libgcc.a(_udivmoddi4.o)
 .ARM.attributes
                0x00000000000005d9       0x1e C:/ST/STM32CubeIDE_1.14.0/STM32CubeIDE/plugins/com.st.stm32cube.ide.mcu.externaltools.gnu-tools-for-stm32.11.3.rel1.win32_1.1.100.202309141235/tools/bin/../lib/gcc/arm-none-eabi/11.3.1/thumb/v7e-m+fp/hard\libgcc.a(_dvmd_tls.o)
 .ARM.attributes
                0x00000000000005f7       0x1e C:/ST/STM32CubeIDE_1.14.0/STM32CubeIDE/plugins/com.st.stm32cube.ide.mcu.externaltools.gnu-tools-for-stm32.11.3.rel1.win32_1.1.100.202309141235/tools/bin/../lib/gcc/arm-none-eabi/11.3.1/thumb/v7e-m+fp/hard/crtn.o
OUTPUT(vaucasy_peripheraltest.elf elf32-littlearm)
LOAD linker stubs
LOAD C:/ST/STM32CubeIDE_1.14.0/STM32CubeIDE/plugins/com.st.stm32cube.ide.mcu.externaltools.gnu-tools-for-stm32.11.3.rel1.win32_1.1.100.202309141235/tools/bin/../lib/gcc/arm-none-eabi/11.3.1/../../../../arm-none-eabi/lib/thumb/v7e-m+fp/hard\libc.a
LOAD C:/ST/STM32CubeIDE_1.14.0/STM32CubeIDE/plugins/com.st.stm32cube.ide.mcu.externaltools.gnu-tools-for-stm32.11.3.rel1.win32_1.1.100.202309141235/tools/bin/../lib/gcc/arm-none-eabi/11.3.1/../../../../arm-none-eabi/lib/thumb/v7e-m+fp/hard\libm.a
LOAD C:/ST/STM32CubeIDE_1.14.0/STM32CubeIDE/plugins/com.st.stm32cube.ide.mcu.externaltools.gnu-tools-for-stm32.11.3.rel1.win32_1.1.100.202309141235/tools/bin/../lib/gcc/arm-none-eabi/11.3.1/thumb/v7e-m+fp/hard\libgcc.a

.comment        0x0000000000000000       0x43
 .comment       0x0000000000000000       0x43 C:/ST/STM32CubeIDE_1.14.0/STM32CubeIDE/plugins/com.st.stm32cube.ide.mcu.externaltools.gnu-tools-for-stm32.11.3.rel1.win32_1.1.100.202309141235/tools/bin/../lib/gcc/arm-none-eabi/11.3.1/thumb/v7e-m+fp/hard/crtbegin.o
                                         0x44 (size before relaxing)
 .comment       0x0000000000000043       0x44 ./Core/Src/gpio.o
 .comment       0x0000000000000043       0x44 ./Core/Src/i2c.o
 .comment       0x0000000000000043       0x44 ./Core/Src/main.o
 .comment       0x0000000000000043       0x44 ./Core/Src/stm32f4xx_hal_msp.o
 .comment       0x0000000000000043       0x44 ./Core/Src/stm32f4xx_it.o
 .comment       0x0000000000000043       0x44 ./Core/Src/system_stm32f4xx.o
 .comment       0x0000000000000043       0x44 ./Core/Src/usart.o
 .comment       0x0000000000000043       0x44 ./Drivers/STM32F4xx_HAL_Driver/Src/stm32f4xx_hal.o
 .comment       0x0000000000000043       0x44 ./Drivers/STM32F4xx_HAL_Driver/Src/stm32f4xx_hal_cortex.o
 .comment       0x0000000000000043       0x44 ./Drivers/STM32F4xx_HAL_Driver/Src/stm32f4xx_hal_gpio.o
 .comment       0x0000000000000043       0x44 ./Drivers/STM32F4xx_HAL_Driver/Src/stm32f4xx_hal_i2c.o
 .comment       0x0000000000000043       0x44 ./Drivers/STM32F4xx_HAL_Driver/Src/stm32f4xx_hal_pcd.o
 .comment       0x0000000000000043       0x44 ./Drivers/STM32F4xx_HAL_Driver/Src/stm32f4xx_hal_pcd_ex.o
 .comment       0x0000000000000043       0x44 ./Drivers/STM32F4xx_HAL_Driver/Src/stm32f4xx_hal_rcc.o
 .comment       0x0000000000000043       0x44 ./Drivers/STM32F4xx_HAL_Driver/Src/stm32f4xx_hal_uart.o
 .comment       0x0000000000000043       0x44 ./Drivers/STM32F4xx_HAL_Driver/Src/stm32f4xx_ll_usb.o
 .comment       0x0000000000000043       0x44 ./Middlewares/ST/STM32_USB_Device_Library/Class/HID/Src/usbd_hid.o
 .comment       0x0000000000000043       0x44 ./Middlewares/ST/STM32_USB_Device_Library/Core/Src/usbd_core.o
 .comment       0x0000000000000043       0x44 ./Middlewares/ST/STM32_USB_Device_Library/Core/Src/usbd_ctlreq.o
 .comment       0x0000000000000043       0x44 ./Middlewares/ST/STM32_USB_Device_Library/Core/Src/usbd_ioreq.o
 .comment       0x0000000000000043       0x44 ./USB_DEVICE/App/usb_device.o
 .comment       0x0000000000000043       0x44 ./USB_DEVICE/App/usbd_desc.o
 .comment       0x0000000000000043       0x44 ./USB_DEVICE/Target/usbd_conf.o

.debug_info     0x0000000000000000    0x1313a
 .debug_info    0x0000000000000000      0x44f ./Core/Src/gpio.o
 .debug_info    0x000000000000044f      0xa19 ./Core/Src/i2c.o
 .debug_info    0x0000000000000e68      0xb6e ./Core/Src/main.o
 .debug_info    0x00000000000019d6      0x291 ./Core/Src/stm32f4xx_hal_msp.o
 .debug_info    0x0000000000001c67      0x627 ./Core/Src/stm32f4xx_it.o
 .debug_info    0x000000000000228e      0x53e ./Core/Src/system_stm32f4xx.o
 .debug_info    0x00000000000027cc      0x94e ./Core/Src/usart.o
 .debug_info    0x000000000000311a       0x23 ./Core/Startup/startup_stm32f401retx.o
 .debug_info    0x000000000000313d      0x8bb ./Drivers/STM32F4xx_HAL_Driver/Src/stm32f4xx_hal.o
 .debug_info    0x00000000000039f8      0xcf6 ./Drivers/STM32F4xx_HAL_Driver/Src/stm32f4xx_hal_cortex.o
 .debug_info    0x00000000000046ee      0x6f9 ./Drivers/STM32F4xx_HAL_Driver/Src/stm32f4xx_hal_gpio.o
 .debug_info    0x0000000000004de7     0x2426 ./Drivers/STM32F4xx_HAL_Driver/Src/stm32f4xx_hal_i2c.o
 .debug_info    0x000000000000720d     0x1577 ./Drivers/STM32F4xx_HAL_Driver/Src/stm32f4xx_hal_pcd.o
 .debug_info    0x0000000000008784      0x6ea ./Drivers/STM32F4xx_HAL_Driver/Src/stm32f4xx_hal_pcd_ex.o
 .debug_info    0x0000000000008e6e      0x8f1 ./Drivers/STM32F4xx_HAL_Driver/Src/stm32f4xx_hal_rcc.o
 .debug_info    0x000000000000975f     0x2f56 ./Drivers/STM32F4xx_HAL_Driver/Src/stm32f4xx_hal_uart.o
 .debug_info    0x000000000000c6b5     0x1993 ./Drivers/STM32F4xx_HAL_Driver/Src/stm32f4xx_ll_usb.o
 .debug_info    0x000000000000e048      0xa84 ./Middlewares/ST/STM32_USB_Device_Library/Class/HID/Src/usbd_hid.o
 .debug_info    0x000000000000eacc      0xe05 ./Middlewares/ST/STM32_USB_Device_Library/Core/Src/usbd_core.o
 .debug_info    0x000000000000f8d1      0xade ./Middlewares/ST/STM32_USB_Device_Library/Core/Src/usbd_ctlreq.o
 .debug_info    0x00000000000103af      0x755 ./Middlewares/ST/STM32_USB_Device_Library/Core/Src/usbd_ioreq.o
 .debug_info    0x0000000000010b04      0x5ef ./USB_DEVICE/App/usb_device.o
 .debug_info    0x00000000000110f3      0x458 ./USB_DEVICE/App/usbd_desc.o
 .debug_info    0x000000000001154b     0x1bef ./USB_DEVICE/Target/usbd_conf.o

.debug_abbrev   0x0000000000000000     0x3238
 .debug_abbrev  0x0000000000000000      0x151 ./Core/Src/gpio.o
 .debug_abbrev  0x0000000000000151      0x1f6 ./Core/Src/i2c.o
 .debug_abbrev  0x0000000000000347      0x26f ./Core/Src/main.o
 .debug_abbrev  0x00000000000005b6       0xd8 ./Core/Src/stm32f4xx_hal_msp.o
 .debug_abbrev  0x000000000000068e      0x1a4 ./Core/Src/stm32f4xx_it.o
 .debug_abbrev  0x0000000000000832      0x11a ./Core/Src/system_stm32f4xx.o
 .debug_abbrev  0x000000000000094c      0x1f8 ./Core/Src/usart.o
 .debug_abbrev  0x0000000000000b44       0x12 ./Core/Startup/startup_stm32f401retx.o
 .debug_abbrev  0x0000000000000b56      0x24b ./Drivers/STM32F4xx_HAL_Driver/Src/stm32f4xx_hal.o
 .debug_abbrev  0x0000000000000da1      0x31d ./Drivers/STM32F4xx_HAL_Driver/Src/stm32f4xx_hal_cortex.o
 .debug_abbrev  0x00000000000010be      0x1d3 ./Drivers/STM32F4xx_HAL_Driver/Src/stm32f4xx_hal_gpio.o
 .debug_abbrev  0x0000000000001291      0x2bc ./Drivers/STM32F4xx_HAL_Driver/Src/stm32f4xx_hal_i2c.o
 .debug_abbrev  0x000000000000154d      0x2b6 ./Drivers/STM32F4xx_HAL_Driver/Src/stm32f4xx_hal_pcd.o
 .debug_abbrev  0x0000000000001803      0x1da ./Drivers/STM32F4xx_HAL_Driver/Src/stm32f4xx_hal_pcd_ex.o
 .debug_abbrev  0x00000000000019dd      0x2b6 ./Drivers/STM32F4xx_HAL_Driver/Src/stm32f4xx_hal_rcc.o
 .debug_abbrev  0x0000000000001c93      0x31b ./Drivers/STM32F4xx_HAL_Driver/Src/stm32f4xx_hal_uart.o
 .debug_abbrev  0x0000000000001fae      0x2b3 ./Drivers/STM32F4xx_HAL_Driver/Src/stm32f4xx_ll_usb.o
 .debug_abbrev  0x0000000000002261      0x2a2 ./Middlewares/ST/STM32_USB_Device_Library/Class/HID/Src/usbd_hid.o
 .debug_abbrev  0x0000000000002503      0x27c ./Middlewares/ST/STM32_USB_Device_Library/Core/Src/usbd_core.o
 .debug_abbrev  0x000000000000277f      0x26f ./Middlewares/ST/STM32_USB_Device_Library/Core/Src/usbd_ctlreq.o
 .debug_abbrev  0x00000000000029ee      0x19a ./Middlewares/ST/STM32_USB_Device_Library/Core/Src/usbd_ioreq.o
 .debug_abbrev  0x0000000000002b88      0x190 ./USB_DEVICE/App/usb_device.o
 .debug_abbrev  0x0000000000002d18      0x1e1 ./USB_DEVICE/App/usbd_desc.o
 .debug_abbrev  0x0000000000002ef9      0x33f ./USB_DEVICE/Target/usbd_conf.o

.debug_aranges  0x0000000000000000     0x1010
 .debug_aranges
                0x0000000000000000       0x20 ./Core/Src/gpio.o
 .debug_aranges
                0x0000000000000020       0x38 ./Core/Src/i2c.o
 .debug_aranges
                0x0000000000000058       0x30 ./Core/Src/main.o
 .debug_aranges
                0x0000000000000088       0x20 ./Core/Src/stm32f4xx_hal_msp.o
 .debug_aranges
                0x00000000000000a8       0x68 ./Core/Src/stm32f4xx_it.o
 .debug_aranges
                0x0000000000000110       0x28 ./Core/Src/system_stm32f4xx.o
 .debug_aranges
                0x0000000000000138       0x30 ./Core/Src/usart.o
 .debug_aranges
                0x0000000000000168       0x28 ./Core/Startup/startup_stm32f401retx.o
 .debug_aranges
                0x0000000000000190       0xf0 ./Drivers/STM32F4xx_HAL_Driver/Src/stm32f4xx_hal.o
 .debug_aranges
                0x0000000000000280      0x130 ./Drivers/STM32F4xx_HAL_Driver/Src/stm32f4xx_hal_cortex.o
 .debug_aranges
                0x00000000000003b0       0x58 ./Drivers/STM32F4xx_HAL_Driver/Src/stm32f4xx_hal_gpio.o
 .debug_aranges
                0x0000000000000408      0x2a8 ./Drivers/STM32F4xx_HAL_Driver/Src/stm32f4xx_hal_i2c.o
 .debug_aranges
                0x00000000000006b0      0x148 ./Drivers/STM32F4xx_HAL_Driver/Src/stm32f4xx_hal_pcd.o
 .debug_aranges
                0x00000000000007f8       0x38 ./Drivers/STM32F4xx_HAL_Driver/Src/stm32f4xx_hal_pcd_ex.o
 .debug_aranges
                0x0000000000000830       0x88 ./Drivers/STM32F4xx_HAL_Driver/Src/stm32f4xx_hal_rcc.o
 .debug_aranges
                0x00000000000008b8      0x208 ./Drivers/STM32F4xx_HAL_Driver/Src/stm32f4xx_hal_uart.o
 .debug_aranges
                0x0000000000000ac0      0x1a0 ./Drivers/STM32F4xx_HAL_Driver/Src/stm32f4xx_ll_usb.o
 .debug_aranges
                0x0000000000000c60       0x68 ./Middlewares/ST/STM32_USB_Device_Library/Class/HID/Src/usbd_hid.o
 .debug_aranges
                0x0000000000000cc8       0xd8 ./Middlewares/ST/STM32_USB_Device_Library/Core/Src/usbd_core.o
 .debug_aranges
                0x0000000000000da0       0x90 ./Middlewares/ST/STM32_USB_Device_Library/Core/Src/usbd_ctlreq.o
 .debug_aranges
                0x0000000000000e30       0x50 ./Middlewares/ST/STM32_USB_Device_Library/Core/Src/usbd_ioreq.o
 .debug_aranges
                0x0000000000000e80       0x20 ./USB_DEVICE/App/usb_device.o
 .debug_aranges
                0x0000000000000ea0       0x60 ./USB_DEVICE/App/usbd_desc.o
 .debug_aranges
                0x0000000000000f00      0x110 ./USB_DEVICE/Target/usbd_conf.o

.debug_rnglists
                0x0000000000000000      0xc4e
 .debug_rnglists
                0x0000000000000000       0x14 ./Core/Src/gpio.o
 .debug_rnglists
                0x0000000000000014       0x26 ./Core/Src/i2c.o
 .debug_rnglists
                0x000000000000003a       0x21 ./Core/Src/main.o
 .debug_rnglists
                0x000000000000005b       0x13 ./Core/Src/stm32f4xx_hal_msp.o
 .debug_rnglists
                0x000000000000006e       0x49 ./Core/Src/stm32f4xx_it.o
 .debug_rnglists
                0x00000000000000b7       0x1a ./Core/Src/system_stm32f4xx.o
 .debug_rnglists
                0x00000000000000d1       0x20 ./Core/Src/usart.o
 .debug_rnglists
                0x00000000000000f1       0x19 ./Core/Startup/startup_stm32f401retx.o
 .debug_rnglists
                0x000000000000010a       0xaf ./Drivers/STM32F4xx_HAL_Driver/Src/stm32f4xx_hal.o
 .debug_rnglists
                0x00000000000001b9       0xe0 ./Drivers/STM32F4xx_HAL_Driver/Src/stm32f4xx_hal_cortex.o
 .debug_rnglists
                0x0000000000000299       0x3f ./Drivers/STM32F4xx_HAL_Driver/Src/stm32f4xx_hal_gpio.o
 .debug_rnglists
                0x00000000000002d8      0x23c ./Drivers/STM32F4xx_HAL_Driver/Src/stm32f4xx_hal_i2c.o
 .debug_rnglists
                0x0000000000000514       0xfa ./Drivers/STM32F4xx_HAL_Driver/Src/stm32f4xx_hal_pcd.o
 .debug_rnglists
                0x000000000000060e       0x26 ./Drivers/STM32F4xx_HAL_Driver/Src/stm32f4xx_hal_pcd_ex.o
 .debug_rnglists
                0x0000000000000634       0x66 ./Drivers/STM32F4xx_HAL_Driver/Src/stm32f4xx_hal_rcc.o
 .debug_rnglists
                0x000000000000069a      0x1bc ./Drivers/STM32F4xx_HAL_Driver/Src/stm32f4xx_hal_uart.o
 .debug_rnglists
                0x0000000000000856      0x147 ./Drivers/STM32F4xx_HAL_Driver/Src/stm32f4xx_ll_usb.o
 .debug_rnglists
                0x000000000000099d       0x4c ./Middlewares/ST/STM32_USB_Device_Library/Class/HID/Src/usbd_hid.o
 .debug_rnglists
                0x00000000000009e9       0xa1 ./Middlewares/ST/STM32_USB_Device_Library/Core/Src/usbd_core.o
 .debug_rnglists
                0x0000000000000a8a       0x6e ./Middlewares/ST/STM32_USB_Device_Library/Core/Src/usbd_ctlreq.o
 .debug_rnglists
                0x0000000000000af8       0x37 ./Middlewares/ST/STM32_USB_Device_Library/Core/Src/usbd_ioreq.o
 .debug_rnglists
                0x0000000000000b2f       0x13 ./USB_DEVICE/App/usb_device.o
 .debug_rnglists
                0x0000000000000b42       0x43 ./USB_DEVICE/App/usbd_desc.o
 .debug_rnglists
                0x0000000000000b85       0xc9 ./USB_DEVICE/Target/usbd_conf.o

.debug_macro    0x0000000000000000    0x18a8a
 .debug_macro   0x0000000000000000      0x210 ./Core/Src/gpio.o
 .debug_macro   0x0000000000000210      0xaa8 ./Core/Src/gpio.o
 .debug_macro   0x0000000000000cb8      0x2a1 ./Core/Src/gpio.o
 .debug_macro   0x0000000000000f59       0x2e ./Core/Src/gpio.o
 .debug_macro   0x0000000000000f87       0x28 ./Core/Src/gpio.o
 .debug_macro   0x0000000000000faf       0x22 ./Core/Src/gpio.o
 .debug_macro   0x0000000000000fd1       0x8e ./Core/Src/gpio.o
 .debug_macro   0x000000000000105f       0x51 ./Core/Src/gpio.o
 .debug_macro   0x00000000000010b0      0x103 ./Core/Src/gpio.o
 .debug_macro   0x00000000000011b3       0x6a ./Core/Src/gpio.o
 .debug_macro   0x000000000000121d      0x1df ./Core/Src/gpio.o
 .debug_macro   0x00000000000013fc       0x1c ./Core/Src/gpio.o
 .debug_macro   0x0000000000001418       0x22 ./Core/Src/gpio.o
 .debug_macro   0x000000000000143a       0xfb ./Core/Src/gpio.o
 .debug_macro   0x0000000000001535     0x1011 ./Core/Src/gpio.o
 .debug_macro   0x0000000000002546      0x11f ./Core/Src/gpio.o
 .debug_macro   0x0000000000002665     0xb86c ./Core/Src/gpio.o
 .debug_macro   0x000000000000ded1       0x6d ./Core/Src/gpio.o
 .debug_macro   0x000000000000df3e     0x369a ./Core/Src/gpio.o
 .debug_macro   0x00000000000115d8      0x174 ./Core/Src/gpio.o
 .debug_macro   0x000000000001174c       0x5c ./Core/Src/gpio.o
 .debug_macro   0x00000000000117a8      0x416 ./Core/Src/gpio.o
 .debug_macro   0x0000000000011bbe      0x9e9 ./Core/Src/gpio.o
 .debug_macro   0x00000000000125a7      0x115 ./Core/Src/gpio.o
 .debug_macro   0x00000000000126bc       0xf8 ./Core/Src/gpio.o
 .debug_macro   0x00000000000127b4       0xa5 ./Core/Src/gpio.o
 .debug_macro   0x0000000000012859      0x15f ./Core/Src/gpio.o
 .debug_macro   0x00000000000129b8      0x287 ./Core/Src/gpio.o
 .debug_macro   0x0000000000012c3f       0x5f ./Core/Src/gpio.o
 .debug_macro   0x0000000000012c9e      0x236 ./Core/Src/gpio.o
 .debug_macro   0x0000000000012ed4      0x132 ./Core/Src/gpio.o
 .debug_macro   0x0000000000013006      0x264 ./Core/Src/gpio.o
 .debug_macro   0x000000000001326a       0x2e ./Core/Src/gpio.o
 .debug_macro   0x0000000000013298      0x1b5 ./Core/Src/gpio.o
 .debug_macro   0x000000000001344d       0x22 ./Core/Src/gpio.o
 .debug_macro   0x000000000001346f       0xd6 ./Core/Src/gpio.o
 .debug_macro   0x0000000000013545      0x127 ./Core/Src/gpio.o
 .debug_macro   0x000000000001366c       0x85 ./Core/Src/gpio.o
 .debug_macro   0x00000000000136f1       0x89 ./Core/Src/gpio.o
 .debug_macro   0x000000000001377a      0x2aa ./Core/Src/gpio.o
 .debug_macro   0x0000000000013a24      0x293 ./Core/Src/gpio.o
 .debug_macro   0x0000000000013cb7       0xba ./Core/Src/gpio.o
 .debug_macro   0x0000000000013d71      0x126 ./Core/Src/gpio.o
 .debug_macro   0x0000000000013e97       0xac ./Core/Src/gpio.o
 .debug_macro   0x0000000000013f43      0x210 ./Core/Src/i2c.o
 .debug_macro   0x0000000000014153      0x3c7 ./Core/Src/main.o
 .debug_macro   0x000000000001451a       0x61 ./Core/Src/main.o
 .debug_macro   0x000000000001457b       0x2a ./Core/Src/main.o
 .debug_macro   0x00000000000145a5       0x43 ./Core/Src/main.o
 .debug_macro   0x00000000000145e8       0x34 ./Core/Src/main.o
 .debug_macro   0x000000000001461c       0x16 ./Core/Src/main.o
 .debug_macro   0x0000000000014632       0x35 ./Core/Src/main.o
 .debug_macro   0x0000000000014667      0x369 ./Core/Src/main.o
 .debug_macro   0x00000000000149d0       0x10 ./Core/Src/main.o
 .debug_macro   0x00000000000149e0       0x16 ./Core/Src/main.o
 .debug_macro   0x00000000000149f6       0x43 ./Core/Src/main.o
 .debug_macro   0x0000000000014a39       0x34 ./Core/Src/main.o
 .debug_macro   0x0000000000014a6d       0x10 ./Core/Src/main.o
 .debug_macro   0x0000000000014a7d       0x58 ./Core/Src/main.o
 .debug_macro   0x0000000000014ad5       0x8e ./Core/Src/main.o
 .debug_macro   0x0000000000014b63       0x1c ./Core/Src/main.o
 .debug_macro   0x0000000000014b7f      0x177 ./Core/Src/main.o
 .debug_macro   0x0000000000014cf6       0x16 ./Core/Src/main.o
 .debug_macro   0x0000000000014d0c       0x16 ./Core/Src/main.o
 .debug_macro   0x0000000000014d22      0x147 ./Core/Src/main.o
 .debug_macro   0x0000000000014e69       0x16 ./Core/Src/main.o
 .debug_macro   0x0000000000014e7f       0x16 ./Core/Src/main.o
 .debug_macro   0x0000000000014e95       0x29 ./Core/Src/main.o
 .debug_macro   0x0000000000014ebe       0x16 ./Core/Src/main.o
 .debug_macro   0x0000000000014ed4       0x20 ./Core/Src/main.o
 .debug_macro   0x0000000000014ef4       0x6b ./Core/Src/main.o
 .debug_macro   0x0000000000014f5f      0x20f ./Core/Src/main.o
 .debug_macro   0x000000000001516e       0x5f ./Core/Src/main.o
 .debug_macro   0x00000000000151cd      0x206 ./Core/Src/stm32f4xx_hal_msp.o
 .debug_macro   0x00000000000153d3      0x210 ./Core/Src/stm32f4xx_it.o
 .debug_macro   0x00000000000155e3      0x1f7 ./Core/Src/system_stm32f4xx.o
 .debug_macro   0x00000000000157da      0x210 ./Core/Src/usart.o
 .debug_macro   0x00000000000159ea      0x257 ./Drivers/STM32F4xx_HAL_Driver/Src/stm32f4xx_hal.o
 .debug_macro   0x0000000000015c41      0x1f7 ./Drivers/STM32F4xx_HAL_Driver/Src/stm32f4xx_hal_cortex.o
 .debug_macro   0x0000000000015e38      0x1fd ./Drivers/STM32F4xx_HAL_Driver/Src/stm32f4xx_hal_gpio.o
 .debug_macro   0x0000000000016035      0x245 ./Drivers/STM32F4xx_HAL_Driver/Src/stm32f4xx_hal_i2c.o
 .debug_macro   0x000000000001627a      0x203 ./Drivers/STM32F4xx_HAL_Driver/Src/stm32f4xx_hal_pcd.o
 .debug_macro   0x000000000001647d      0x1f7 ./Drivers/STM32F4xx_HAL_Driver/Src/stm32f4xx_hal_pcd_ex.o
 .debug_macro   0x0000000000016674      0x21b ./Drivers/STM32F4xx_HAL_Driver/Src/stm32f4xx_hal_rcc.o
 .debug_macro   0x000000000001688f      0x1f8 ./Drivers/STM32F4xx_HAL_Driver/Src/stm32f4xx_hal_uart.o
 .debug_macro   0x0000000000016a87      0x1f7 ./Drivers/STM32F4xx_HAL_Driver/Src/stm32f4xx_ll_usb.o
 .debug_macro   0x0000000000016c7e      0x395 ./Middlewares/ST/STM32_USB_Device_Library/Class/HID/Src/usbd_hid.o
 .debug_macro   0x0000000000017013       0x97 ./Middlewares/ST/STM32_USB_Device_Library/Class/HID/Src/usbd_hid.o
 .debug_macro   0x00000000000170aa       0xfd ./Middlewares/ST/STM32_USB_Device_Library/Class/HID/Src/usbd_hid.o
 .debug_macro   0x00000000000171a7       0x56 ./Middlewares/ST/STM32_USB_Device_Library/Class/HID/Src/usbd_hid.o
 .debug_macro   0x00000000000171fd      0x37c ./Middlewares/ST/STM32_USB_Device_Library/Core/Src/usbd_core.o
 .debug_macro   0x0000000000017579      0x215 ./Middlewares/ST/STM32_USB_Device_Library/Core/Src/usbd_core.o
 .debug_macro   0x000000000001778e      0x386 ./Middlewares/ST/STM32_USB_Device_Library/Core/Src/usbd_ctlreq.o
 .debug_macro   0x0000000000017b14      0x382 ./Middlewares/ST/STM32_USB_Device_Library/Core/Src/usbd_ioreq.o
 .debug_macro   0x0000000000017e96      0x3ac ./USB_DEVICE/App/usb_device.o
 .debug_macro   0x0000000000018242       0xb2 ./USB_DEVICE/App/usb_device.o
 .debug_macro   0x00000000000182f4       0x22 ./USB_DEVICE/App/usb_device.o
 .debug_macro   0x0000000000018316      0x3bf ./USB_DEVICE/App/usbd_desc.o
 .debug_macro   0x00000000000186d5       0x1c ./USB_DEVICE/App/usbd_desc.o
 .debug_macro   0x00000000000186f1      0x399 ./USB_DEVICE/Target/usbd_conf.o

.debug_line     0x0000000000000000    0x167c8
 .debug_line    0x0000000000000000      0x7f4 ./Core/Src/gpio.o
 .debug_line    0x00000000000007f4      0x87c ./Core/Src/i2c.o
 .debug_line    0x0000000000001070      0xaeb ./Core/Src/main.o
 .debug_line    0x0000000000001b5b      0x796 ./Core/Src/stm32f4xx_hal_msp.o
 .debug_line    0x00000000000022f1      0x870 ./Core/Src/stm32f4xx_it.o
 .debug_line    0x0000000000002b61      0x817 ./Core/Src/system_stm32f4xx.o
 .debug_line    0x0000000000003378      0x7ff ./Core/Src/usart.o
 .debug_line    0x0000000000003b77       0x7a ./Core/Startup/startup_stm32f401retx.o
 .debug_line    0x0000000000003bf1      0xa7d ./Drivers/STM32F4xx_HAL_Driver/Src/stm32f4xx_hal.o
 .debug_line    0x000000000000466e      0xd77 ./Drivers/STM32F4xx_HAL_Driver/Src/stm32f4xx_hal_cortex.o
 .debug_line    0x00000000000053e5      0xbb5 ./Drivers/STM32F4xx_HAL_Driver/Src/stm32f4xx_hal_gpio.o
 .debug_line    0x0000000000005f9a     0x3adf ./Drivers/STM32F4xx_HAL_Driver/Src/stm32f4xx_hal_i2c.o
 .debug_line    0x0000000000009a79     0x150e ./Drivers/STM32F4xx_HAL_Driver/Src/stm32f4xx_hal_pcd.o
 .debug_line    0x000000000000af87      0x860 ./Drivers/STM32F4xx_HAL_Driver/Src/stm32f4xx_hal_pcd_ex.o
 .debug_line    0x000000000000b7e7      0xe0e ./Drivers/STM32F4xx_HAL_Driver/Src/stm32f4xx_hal_rcc.o
 .debug_line    0x000000000000c5f5     0x293a ./Drivers/STM32F4xx_HAL_Driver/Src/stm32f4xx_hal_uart.o
 .debug_line    0x000000000000ef2f     0x1bfb ./Drivers/STM32F4xx_HAL_Driver/Src/stm32f4xx_ll_usb.o
 .debug_line    0x0000000000010b2a      0xcc6 ./Middlewares/ST/STM32_USB_Device_Library/Class/HID/Src/usbd_hid.o
 .debug_line    0x00000000000117f0      0xf98 ./Middlewares/ST/STM32_USB_Device_Library/Core/Src/usbd_core.o
 .debug_line    0x0000000000012788     0x11bc ./Middlewares/ST/STM32_USB_Device_Library/Core/Src/usbd_ctlreq.o
 .debug_line    0x0000000000013944      0xaaf ./Middlewares/ST/STM32_USB_Device_Library/Core/Src/usbd_ioreq.o
 .debug_line    0x00000000000143f3      0xa50 ./USB_DEVICE/App/usb_device.o
 .debug_line    0x0000000000014e43      0xb34 ./USB_DEVICE/App/usbd_desc.o
 .debug_line    0x0000000000015977      0xe51 ./USB_DEVICE/Target/usbd_conf.o

.debug_str      0x0000000000000000    0x8b361
 .debug_str     0x0000000000000000    0x82169 ./Core/Src/gpio.o
                                      0x823f3 (size before relaxing)
 .debug_str     0x0000000000082169      0x553 ./Core/Src/i2c.o
                                      0x8293a (size before relaxing)
 .debug_str     0x00000000000826bc     0x49bc ./Core/Src/main.o
                                      0x86e99 (size before relaxing)
 .debug_str     0x0000000000087078       0x2c ./Core/Src/stm32f4xx_hal_msp.o
                                      0x82328 (size before relaxing)
 .debug_str     0x00000000000870a4      0x450 ./Core/Src/stm32f4xx_it.o
                                      0x826cf (size before relaxing)
 .debug_str     0x00000000000874f4       0xdb ./Core/Src/system_stm32f4xx.o
                                      0x82192 (size before relaxing)
 .debug_str     0x00000000000875cf      0x228 ./Core/Src/usart.o
                                      0x828b0 (size before relaxing)
 .debug_str     0x00000000000877f7       0x34 ./Core/Startup/startup_stm32f401retx.o
                                         0x7e (size before relaxing)
 .debug_str     0x000000000008782b      0x9ae ./Drivers/STM32F4xx_HAL_Driver/Src/stm32f4xx_hal.o
                                      0x82bb4 (size before relaxing)
 .debug_str     0x00000000000881d9      0x392 ./Drivers/STM32F4xx_HAL_Driver/Src/stm32f4xx_hal_cortex.o
                                      0x8291e (size before relaxing)
 .debug_str     0x000000000008856b      0x110 ./Drivers/STM32F4xx_HAL_Driver/Src/stm32f4xx_hal_gpio.o
                                      0x8230d (size before relaxing)
 .debug_str     0x000000000008867b      0xb4a ./Drivers/STM32F4xx_HAL_Driver/Src/stm32f4xx_hal_i2c.o
                                      0x831a3 (size before relaxing)
 .debug_str     0x00000000000891c5      0x831 ./Drivers/STM32F4xx_HAL_Driver/Src/stm32f4xx_hal_pcd.o
                                      0x82c5e (size before relaxing)
 .debug_str     0x00000000000899f6      0x115 ./Drivers/STM32F4xx_HAL_Driver/Src/stm32f4xx_hal_pcd_ex.o
                                      0x8254e (size before relaxing)
 .debug_str     0x0000000000089b0b      0x1ff ./Drivers/STM32F4xx_HAL_Driver/Src/stm32f4xx_hal_rcc.o
                                      0x825c6 (size before relaxing)
 .debug_str     0x0000000000089d0a      0x61d ./Drivers/STM32F4xx_HAL_Driver/Src/stm32f4xx_hal_uart.o
                                      0x82b95 (size before relaxing)
 .debug_str     0x000000000008a327      0x4a4 ./Drivers/STM32F4xx_HAL_Driver/Src/stm32f4xx_ll_usb.o
                                      0x82b39 (size before relaxing)
 .debug_str     0x000000000008a7cb      0x2fb ./Middlewares/ST/STM32_USB_Device_Library/Class/HID/Src/usbd_hid.o
                                      0x86dd1 (size before relaxing)
 .debug_str     0x000000000008aac6      0x366 ./Middlewares/ST/STM32_USB_Device_Library/Core/Src/usbd_core.o
                                      0x86d3c (size before relaxing)
 .debug_str     0x000000000008ae2c      0x139 ./Middlewares/ST/STM32_USB_Device_Library/Core/Src/usbd_ctlreq.o
                                      0x86b67 (size before relaxing)
 .debug_str     0x000000000008af65       0x79 ./Middlewares/ST/STM32_USB_Device_Library/Core/Src/usbd_ioreq.o
                                      0x86a3c (size before relaxing)
 .debug_str     0x000000000008afde       0xa2 ./USB_DEVICE/App/usb_device.o
                                      0x86bcf (size before relaxing)
 .debug_str     0x000000000008b080      0x26e ./USB_DEVICE/App/usbd_desc.o
                                      0x8693c (size before relaxing)
 .debug_str     0x000000000008b2ee       0x73 ./USB_DEVICE/Target/usbd_conf.o
                                      0x87981 (size before relaxing)

.debug_frame    0x0000000000000000     0x4220
 .debug_frame   0x0000000000000000       0x34 ./Core/Src/gpio.o
 .debug_frame   0x0000000000000034       0x90 ./Core/Src/i2c.o
 .debug_frame   0x00000000000000c4       0x6c ./Core/Src/main.o
 .debug_frame   0x0000000000000130       0x38 ./Core/Src/stm32f4xx_hal_msp.o
 .debug_frame   0x0000000000000168      0x120 ./Core/Src/stm32f4xx_it.o
 .debug_frame   0x0000000000000288       0x58 ./Core/Src/system_stm32f4xx.o
 .debug_frame   0x00000000000002e0       0x74 ./Core/Src/usart.o
 .debug_frame   0x0000000000000354      0x374 ./Drivers/STM32F4xx_HAL_Driver/Src/stm32f4xx_hal.o
 .debug_frame   0x00000000000006c8      0x508 ./Drivers/STM32F4xx_HAL_Driver/Src/stm32f4xx_hal_cortex.o
 .debug_frame   0x0000000000000bd0      0x14c ./Drivers/STM32F4xx_HAL_Driver/Src/stm32f4xx_hal_gpio.o
 .debug_frame   0x0000000000000d1c      0xc84 ./Drivers/STM32F4xx_HAL_Driver/Src/stm32f4xx_hal_i2c.o
 .debug_frame   0x00000000000019a0      0x5b8 ./Drivers/STM32F4xx_HAL_Driver/Src/stm32f4xx_hal_pcd.o
 .debug_frame   0x0000000000001f58       0xb0 ./Drivers/STM32F4xx_HAL_Driver/Src/stm32f4xx_hal_pcd_ex.o
 .debug_frame   0x0000000000002008      0x1f4 ./Drivers/STM32F4xx_HAL_Driver/Src/stm32f4xx_hal_rcc.o
 .debug_frame   0x00000000000021fc      0x954 ./Drivers/STM32F4xx_HAL_Driver/Src/stm32f4xx_hal_uart.o
 .debug_frame   0x0000000000002b50      0x7c0 ./Drivers/STM32F4xx_HAL_Driver/Src/stm32f4xx_ll_usb.o
 .debug_frame   0x0000000000003310      0x184 ./Middlewares/ST/STM32_USB_Device_Library/Class/HID/Src/usbd_hid.o
 .debug_frame   0x0000000000003494      0x390 ./Middlewares/ST/STM32_USB_Device_Library/Core/Src/usbd_core.o
 .debug_frame   0x0000000000003824      0x23c ./Middlewares/ST/STM32_USB_Device_Library/Core/Src/usbd_ctlreq.o
 .debug_frame   0x0000000000003a60      0x10c ./Middlewares/ST/STM32_USB_Device_Library/Core/Src/usbd_ioreq.o
 .debug_frame   0x0000000000003b6c       0x2c ./USB_DEVICE/App/usb_device.o
 .debug_frame   0x0000000000003b98      0x160 ./USB_DEVICE/App/usbd_desc.o
 .debug_frame   0x0000000000003cf8      0x47c ./USB_DEVICE/Target/usbd_conf.o
 .debug_frame   0x0000000000004174       0x20 C:/ST/STM32CubeIDE_1.14.0/STM32CubeIDE/plugins/com.st.stm32cube.ide.mcu.externaltools.gnu-tools-for-stm32.11.3.rel1.win32_1.1.100.202309141235/tools/bin/../lib/gcc/arm-none-eabi/11.3.1/../../../../arm-none-eabi/lib/thumb/v7e-m+fp/hard\libc_nano.a(libc_a-memset.o)
 .debug_frame   0x0000000000004194       0x2c C:/ST/STM32CubeIDE_1.14.0/STM32CubeIDE/plugins/com.st.stm32cube.ide.mcu.externaltools.gnu-tools-for-stm32.11.3.rel1.win32_1.1.100.202309141235/tools/bin/../lib/gcc/arm-none-eabi/11.3.1/../../../../arm-none-eabi/lib/thumb/v7e-m+fp/hard\libc_nano.a(libc_a-init.o)
 .debug_frame   0x00000000000041c0       0x2c C:/ST/STM32CubeIDE_1.14.0/STM32CubeIDE/plugins/com.st.stm32cube.ide.mcu.externaltools.gnu-tools-for-stm32.11.3.rel1.win32_1.1.100.202309141235/tools/bin/../lib/gcc/arm-none-eabi/11.3.1/thumb/v7e-m+fp/hard\libgcc.a(_aeabi_uldivmod.o)
 .debug_frame   0x00000000000041ec       0x34 C:/ST/STM32CubeIDE_1.14.0/STM32CubeIDE/plugins/com.st.stm32cube.ide.mcu.externaltools.gnu-tools-for-stm32.11.3.rel1.win32_1.1.100.202309141235/tools/bin/../lib/gcc/arm-none-eabi/11.3.1/thumb/v7e-m+fp/hard\libgcc.a(_udivmoddi4.o)

.debug_line_str
                0x0000000000000000       0x72
 .debug_line_str
                0x0000000000000000       0x72 ./Core/Startup/startup_stm32f401retx.o
                                         0x8a (size before relaxing)
